Archive member included to satisfy reference by file (symbol)

d:/longxin/mips-2016.05/bin/../lib/gcc/mips-sde-elf/5.3.0/../../../../mips-sde-elf/lib/el/sof\libc.a(lib_a-atoi.o)
                              build\kernel\components\drivers\sensors\sensor_cmd.o (atoi)
d:/longxin/mips-2016.05/bin/../lib/gcc/mips-sde-elf/5.3.0/../../../../mips-sde-elf/lib/el/sof\libc.a(lib_a-memcmp.o)
                              build\kernel\components\dfs\filesystems\elmfat\ff.o (memcmp)
d:/longxin/mips-2016.05/bin/../lib/gcc/mips-sde-elf/5.3.0/../../../../mips-sde-elf/lib/el/sof\libc.a(lib_a-memcpy.o)
                              build\drivers\net\synopGMAC.o (memcpy)
d:/longxin/mips-2016.05/bin/../lib/gcc/mips-sde-elf/5.3.0/../../../../mips-sde-elf/lib/el/sof\libc.a(lib_a-memset.o)
                              build\applications\main.o (memset)
d:/longxin/mips-2016.05/bin/../lib/gcc/mips-sde-elf/5.3.0/../../../../mips-sde-elf/lib/el/sof\libc.a(lib_a-printf.o)
                              build\libraries\ls1c_timer.o (printf)
d:/longxin/mips-2016.05/bin/../lib/gcc/mips-sde-elf/5.3.0/../../../../mips-sde-elf/lib/el/sof\libc.a(lib_a-rand.o)
                              build\kernel\components\net\lwip\lwip-1.4.1\src\core\dhcp.o (rand)
d:/longxin/mips-2016.05/bin/../lib/gcc/mips-sde-elf/5.3.0/../../../../mips-sde-elf/lib/el/sof\libc.a(lib_a-strcat.o)
                              build\kernel\components\drivers\sensors\sensor.o (strcat)
d:/longxin/mips-2016.05/bin/../lib/gcc/mips-sde-elf/5.3.0/../../../../mips-sde-elf/lib/el/sof\libc.a(lib_a-strchr.o)
                              build\kernel\components\dfs\filesystems\elmfat\ff.o (strchr)
d:/longxin/mips-2016.05/bin/../lib/gcc/mips-sde-elf/5.3.0/../../../../mips-sde-elf/lib/el/sof\libc.a(lib_a-strcmp.o)
                              build\kernel\components\dfs\src\dfs_fs.o (strcmp)
d:/longxin/mips-2016.05/bin/../lib/gcc/mips-sde-elf/5.3.0/../../../../mips-sde-elf/lib/el/sof\libc.a(lib_a-strcpy.o)
                              build\kernel\components\finsh\shell.o (strcpy)
d:/longxin/mips-2016.05/bin/../lib/gcc/mips-sde-elf/5.3.0/../../../../mips-sde-elf/lib/el/sof\libc.a(lib_a-strlen.o)
                              build\kernel\components\dfs\src\dfs_posix.o (strlen)
d:/longxin/mips-2016.05/bin/../lib/gcc/mips-sde-elf/5.3.0/../../../../mips-sde-elf/lib/el/sof\libc.a(lib_a-strncmp.o)
                              build\kernel\components\dfs\src\dfs_fs.o (strncmp)
d:/longxin/mips-2016.05/bin/../lib/gcc/mips-sde-elf/5.3.0/../../../../mips-sde-elf/lib/el/sof\libc.a(lib_a-strncpy.o)
                              build\kernel\components\dfs\src\dfs_posix.o (strncpy)
d:/longxin/mips-2016.05/bin/../lib/gcc/mips-sde-elf/5.3.0/../../../../mips-sde-elf/lib/el/sof\libc.a(lib_a-strrchr.o)
                              build\kernel\components\dfs\src\dfs_file.o (strrchr)
d:/longxin/mips-2016.05/bin/../lib/gcc/mips-sde-elf/5.3.0/../../../../mips-sde-elf/lib/el/sof\libc.a(lib_a-strstr.o)
                              build\kernel\components\finsh\msh_file.o (strstr)
d:/longxin/mips-2016.05/bin/../lib/gcc/mips-sde-elf/5.3.0/../../../../mips-sde-elf/lib/el/sof\libc.a(lib_a-strtol.o)
                              d:/longxin/mips-2016.05/bin/../lib/gcc/mips-sde-elf/5.3.0/../../../../mips-sde-elf/lib/el/sof\libc.a(lib_a-atoi.o) (_strtol_r)
d:/longxin/mips-2016.05/bin/../lib/gcc/mips-sde-elf/5.3.0/../../../../mips-sde-elf/lib/el/sof\libc.a(lib_a-strtoul.o)
                              build\applications\main.o (strtoul)
d:/longxin/mips-2016.05/bin/../lib/gcc/mips-sde-elf/5.3.0/../../../../mips-sde-elf/lib/el/sof\libc.a(lib_a-vfprintf.o)
                              d:/longxin/mips-2016.05/bin/../lib/gcc/mips-sde-elf/5.3.0/../../../../mips-sde-elf/lib/el/sof\libc.a(lib_a-printf.o) (_vfprintf_r)
d:/longxin/mips-2016.05/bin/../lib/gcc/mips-sde-elf/5.3.0/../../../../mips-sde-elf/lib/el/sof\libc.a(lib_a-wsetup.o)
                              d:/longxin/mips-2016.05/bin/../lib/gcc/mips-sde-elf/5.3.0/../../../../mips-sde-elf/lib/el/sof\libc.a(lib_a-vfprintf.o) (__swsetup_r)
d:/longxin/mips-2016.05/bin/../lib/gcc/mips-sde-elf/5.3.0/../../../../mips-sde-elf/lib/el/sof\libc.a(lib_a-ctype_.o)
                              d:/longxin/mips-2016.05/bin/../lib/gcc/mips-sde-elf/5.3.0/../../../../mips-sde-elf/lib/el/sof\libc.a(lib_a-strtol.o) (__ctype_ptr__)
d:/longxin/mips-2016.05/bin/../lib/gcc/mips-sde-elf/5.3.0/../../../../mips-sde-elf/lib/el/sof\libc.a(lib_a-dtoa.o)
                              d:/longxin/mips-2016.05/bin/../lib/gcc/mips-sde-elf/5.3.0/../../../../mips-sde-elf/lib/el/sof\libc.a(lib_a-vfprintf.o) (_dtoa_r)
d:/longxin/mips-2016.05/bin/../lib/gcc/mips-sde-elf/5.3.0/../../../../mips-sde-elf/lib/el/sof\libc.a(lib_a-fflush.o)
                              d:/longxin/mips-2016.05/bin/../lib/gcc/mips-sde-elf/5.3.0/../../../../mips-sde-elf/lib/el/sof\libc.a(lib_a-vfprintf.o) (_fflush_r)
[...]
Memory Configuration

Name             Origin             Length             Attributes
*default*        0x0000000000000000 0xffffffffffffffff

Linker script and memory map

LOAD build\applications\main.o
LOAD build\drivers\drv_rtc.o
LOAD build\drivers\drv_uart.o
LOAD build\drivers\display_controller.o
LOAD build\drivers\hw_i2c.o
LOAD build\drivers\drv_touch_gt9xx.o
LOAD build\drivers\board.o
LOAD build\drivers\drv_touch.o
LOAD build\drivers\touch.o
LOAD build\drivers\drv_can.o
LOAD build\drivers\drv_gpio.o
LOAD build\drivers\selfboot_gcc.o
LOAD build\drivers\drv_wdt.o
LOAD build\drivers\drv_i2c.o
LOAD build\drivers\drv_pwm.o
LOAD build\drivers\drv_spi.o
LOAD build\drivers\net\synopGMAC.o
LOAD build\drivers\net\synopGMAC_plat.o
LOAD build\drivers\net\mii.o
LOAD build\drivers\net\synopGMAC_Dev.o
LOAD build\libraries\ls1c_public.o
LOAD build\libraries\ls1c_uart.o
LOAD build\libraries\ls1c_timer.o
LOAD build\libraries\ls1c_pwm.o
LOAD build\libraries\ls1c_clock.o
LOAD build\libraries\ls1c_wdog.o
LOAD build\libraries\ls1c_pin.o
LOAD build\libraries\ls1c_delay.o
LOAD build\libraries\ls1c_i2c.o
LOAD build\libraries\ls1c_can.o
LOAD build\libraries\ls1c_gpio.o
LOAD build\libraries\ls1c_rtc.o
LOAD build\libraries\ls1c_spi.o
LOAD build\kernel\src\kservice.o
LOAD build\kernel\src\thread.o
LOAD build\kernel\src\idle.o
LOAD build\kernel\src\timer.o
LOAD build\kernel\src\components.o
LOAD build\kernel\src\ipc.o
LOAD build\kernel\src\clock.o
LOAD build\kernel\src\irq.o
LOAD build\kernel\src\memheap.o
LOAD build\kernel\src\scheduler.o
LOAD build\kernel\src\mempool.o
LOAD build\kernel\src\device.o
LOAD build\kernel\src\object.o
LOAD build\kernel\src\mem.o
LOAD build\kernel\libcpu\mips\common\stack.o
LOAD build\kernel\libcpu\mips\common\exception.o
LOAD build\kernel\libcpu\mips\common\mips_cache.o
LOAD build\kernel\libcpu\mips\common\context_gcc.o
LOAD build\kernel\libcpu\mips\common\entry_gcc.o
LOAD build\kernel\libcpu\mips\common\exception_gcc.o
LOAD build\kernel\libcpu\mips\gs232\cpuinit_gcc.o
LOAD build\kernel\libcpu\mips\gs232\cache_gcc.o
LOAD build\kernel\libcpu\mips\gs232\cache.o
LOAD build\kernel\libcpu\mips\gs232\mipscfg.o
LOAD build\kernel\libcpu\mips\gs232\timer.o
LOAD build\kernel\libcpu\mips\gs232\interrupt.o
LOAD build\kernel\libcpu\mips\gs232\cpuport.o
LOAD build\kernel\components\dfs\src\dfs_posix.o
LOAD build\kernel\components\dfs\src\dfs_fs.o
LOAD build\kernel\components\dfs\src\dfs.o
LOAD build\kernel\components\dfs\src\dfs_file.o
LOAD build\kernel\components\dfs\filesystems\devfs\devfs.o
LOAD build\kernel\components\dfs\filesystems\elmfat\ffunicode.o
LOAD build\kernel\components\dfs\filesystems\elmfat\ff.o
LOAD build\kernel\components\dfs\filesystems\elmfat\dfs_elm.o
LOAD build\kernel\components\drivers\sensors\sensor_cmd.o
LOAD build\kernel\components\drivers\sensors\sensor.o
LOAD build\kernel\components\finsh\shell.o
LOAD build\kernel\components\finsh\msh.o
LOAD build\kernel\components\finsh\msh_file.o
LOAD build\kernel\components\finsh\cmd.o
LOAD build\kernel\components\libc\compilers\common\time.o
LOAD build\kernel\components\libc\compilers\common\stdlib.o
LOAD build\kernel\components\libc\compilers\newlib\syscalls.o
LOAD build\kernel\components\libc\posix\delay\delay.o
LOAD build\kernel\components\libc\posix\pthreads\pthread_mutex.o
LOAD build\kernel\components\libc\posix\pthreads\sched.o
LOAD build\kernel\components\libc\posix\pthreads\pthread_tls.o
LOAD build\kernel\components\libc\posix\pthreads\pthread_rwlock.o
LOAD build\kernel\components\libc\posix\pthreads\pthread_cond.o
LOAD build\kernel\components\libc\posix\pthreads\pthread_barrier.o
LOAD build\kernel\components\libc\posix\pthreads\pthread_attr.o
LOAD build\kernel\components\libc\posix\pthreads\pthread_spin.o
LOAD build\kernel\components\libc\posix\pthreads\pthread.o
LOAD build\kernel\components\net\lwip\lwip-1.4.1\src\apps\ping\ping.o
LOAD build\kernel\components\net\lwip\lwip-1.4.1\src\netif\etharp.o
LOAD build\kernel\components\net\lwip\lwip-1.4.1\src\api\netdb.o
LOAD build\kernel\components\net\lwip\lwip-1.4.1\src\core\ipv4\autoip.o
LOAD build\kernel\components\net\lwip\lwip-1.4.1\src\core\ipv4\ip_frag.o
LOAD build\kernel\components\net\lwip\lwip-1.4.1\src\core\ipv4\inet_chksum.o
LOAD build\kernel\components\net\lwip\lwip-1.4.1\src\core\netif.o
LOAD build\kernel\components\net\lwip\lwip-1.4.1\src\core\sys.o
LOAD build\kernel\components\net\lwip\lwip-1.4.1\src\api\sockets.o
LOAD build\kernel\components\net\lwip\lwip-1.4.1\src\api\netifapi.o
LOAD build\kernel\components\net\lwip\lwip-1.4.1\src\api\tcpip.o
LOAD build\kernel\components\net\lwip\lwip-1.4.1\src\core\ipv4\inet.o
LOAD build\kernel\components\net\lwip\lwip-1.4.1\src\core\init.o
LOAD build\kernel\components\net\lwip\lwip-1.4.1\src\netif\slipif.o
LOAD build\kernel\components\net\lwip\lwip-1.4.1\src\core\memp.o
LOAD build\kernel\components\net\lwip\lwip-1.4.1\src\core\ipv4\ip_addr.o
LOAD build\kernel\components\net\lwip\lwip-1.4.1\src\core\dhcp.o
LOAD build\kernel\components\net\lwip\lwip-1.4.1\src\api\netbuf.o
LOAD build\kernel\components\net\lwip\lwip-1.4.1\src\core\raw.o
LOAD build\kernel\components\net\lwip\lwip-1.4.1\src\core\tcp_out.o
LOAD build\kernel\components\net\lwip\lwip-1.4.1\src\core\ipv4\icmp.o
LOAD build\kernel\components\net\lwip\lwip-1.4.1\src\api\api_lib.o
LOAD build\kernel\components\net\lwip\lwip-1.4.1\src\core\stats.o
LOAD build\kernel\components\net\lwip\lwip-1.4.1\src\api\err.o
LOAD build\kernel\components\net\lwip\lwip-1.4.1\src\core\tcp_in.o
LOAD build\kernel\components\net\lwip\lwip-1.4.1\src\core\dns.o
LOAD build\kernel\components\net\lwip\lwip-1.4.1\src\core\ipv4\igmp.o
LOAD build\kernel\components\net\lwip\lwip-1.4.1\src\core\udp.o
LOAD build\kernel\components\net\lwip\lwip-1.4.1\src\core\pbuf.o
LOAD build\kernel\components\net\lwip\lwip-1.4.1\src\core\ipv4\ip.o
LOAD build\kernel\components\net\lwip\lwip-1.4.1\src\core\def.o
LOAD build\kernel\components\net\lwip\lwip-1.4.1\src\api\api_msg.o
LOAD build\kernel\components\net\lwip\lwip-1.4.1\src\core\timers.o
LOAD build\kernel\components\net\lwip\lwip-1.4.1\src\core\tcp.o
LOAD build\kernel\components\net\lwip\port\sys_arch.o
LOAD build\kernel\components\net\lwip\port\ethernetif.o
LOAD build\kernel\components\drivers\can\can.o
LOAD build\kernel\components\drivers\i2c\i2c_core.o
LOAD build\kernel\components\drivers\i2c\i2c_dev.o
LOAD build\kernel\components\drivers\i2c\i2c-bit-ops.o
LOAD build\kernel\components\drivers\ipc\pipe.o
LOAD build\kernel\components\drivers\ipc\waitqueue.o
LOAD build\kernel\components\drivers\ipc\dataqueue.o
LOAD build\kernel\components\drivers\ipc\workqueue.o
LOAD build\kernel\components\drivers\ipc\ringbuffer.o
LOAD build\kernel\components\drivers\ipc\ringblk_buf.o
LOAD build\kernel\components\drivers\ipc\completion.o
LOAD build\kernel\components\drivers\misc\pin.o
LOAD build\kernel\components\drivers\serial\serial.o
LOAD build\kernel\components\drivers\spi\spi_core.o
LOAD build\kernel\components\drivers\spi\spi_msd.o
LOAD build\kernel\components\drivers\spi\spi_dev.o
LOAD d:/longxin/mips-2016.05/bin/../lib/gcc/mips-sde-elf/5.3.0/../../../../mips-sde-elf/lib/el/sof\libm.a
LOAD d:/longxin/mips-2016.05/bin/../lib/gcc/mips-sde-elf/5.3.0/../../../../mips-sde-elf/lib/el/sof\libc.a
LOAD d:/longxin/mips-2016.05/bin/../lib/gcc/mips-sde-elf/5.3.0/el/sof\libgcc.a
LOAD d:/longxin/mips-2016.05/bin/../lib/gcc/mips-sde-elf/5.3.0/el/sof\libgcc.a
START GROUP
LOAD d:/longxin/mips-2016.05/bin/../lib/gcc/mips-sde-elf/5.3.0/el/sof\libgcc.a
LOAD d:/longxin/mips-2016.05/bin/../lib/gcc/mips-sde-elf/5.3.0/../../../../mips-sde-elf/lib/el/sof\libc.a
END GROUP
                0x0000000000000000                . = ALIGN (0x4)

.text           0x0000000080200000    0x691f8
                0x0000000080200000                start = ABSOLUTE (.)
 *(.selfboot)
 *(.selfboot_data)
                0x0000000080200000                . = ALIGN (0x4)
                0x0000000080200000                __selfboot_end = .
                0x0000000080200000                . = ALIGN (0x1000)
                0x0000000080200000                __ebase_entry = .
 *(.exc_vectors)
 .exc_vectors   0x0000000080200000      0x22c build\kernel\libcpu\mips\common\exception_gcc.o
                0x0000000080200000                tlb_refill_exception
                0x0000000080200180                general_exception
                0x0000000080200200                irq_exception
                0x000000008020022c                __ebase_end = .
 *(.start)
 .start         0x000000008020022c       0x58 build\kernel\libcpu\mips\common\entry_gcc.o
                0x000000008020022c                _rtthread_entry
                0x000000008020022c                _start
 .start         0x0000000080200284        0x8 build\kernel\libcpu\mips\gs232\cpuinit_gcc.o
                0x0000000080200284                rt_cpu_early_init
 *(.text)
 .text          0x000000008020028c      0x490 build\kernel\libcpu\mips\common\context_gcc.o
                0x000000008020028c                rt_hw_context_switch
                0x0000000080200414                rt_hw_context_switch_to
                0x00000000802004e8                rt_hw_context_switch_interrupt
                0x0000000080200528                mips_irq_handle
 .text          0x000000008020071c       0x40 d:/longxin/mips-2016.05/bin/../lib/gcc/mips-sde-elf/5.3.0/../../../../mips-sde-elf/lib/el/sof\libc.a(lib_a-atoi.o)
                0x000000008020071c                atoi
                0x000000008020073c                _atoi_r
 .text          0x000000008020075c       0x98 d:/longxin/mips-2016.05/bin/../lib/gcc/mips-sde-elf/5.3.0/../../../../mips-sde-elf/lib/el/sof\libc.a(lib_a-memcmp.o)
                0x000000008020075c                memcmp
 .text          0x00000000802007f4      0x39c d:/longxin/mips-2016.05/bin/../lib/gcc/mips-sde-elf/5.3.0/../../../../mips-sde-elf/lib/el/sof\libc.a(lib_a-memcpy.o)
                0x00000000802007f4                memcpy
 .text          0x0000000080200b90      0x12c d:/longxin/mips-2016.05/bin/../lib/gcc/mips-sde-elf/5.3.0/../../../../mips-sde-elf/lib/el/sof\libc.a(lib_a-memset.o)
                0x0000000080200b90                memset
 .text          0x0000000080200cbc       0x70 d:/longxin/mips-2016.05/bin/../lib/gcc/mips-sde-elf/5.3.0/../../../../mips-sde-elf/lib/el/sof\libc.a(lib_a-printf.o)
                0x0000000080200cbc                _printf_r
                0x0000000080200cec                printf
 .text          0x0000000080200d2c       0x6c d:/longxin/mips-2016.05/bin/../lib/gcc/mips-sde-elf/5.3.0/../../../../mips-sde-elf/lib/el/sof\libc.a(lib_a-rand.o)
                0x0000000080200d2c                srand
                0x0000000080200d40                rand
 .text          0x0000000080200d98       0x38 d:/longxin/mips-2016.05/bin/../lib/gcc/mips-sde-elf/5.3.0/../../../../mips-sde-elf/lib/el/sof\libc.a(lib_a-strcat.o)
                0x0000000080200d98                strcat
 .text          0x0000000080200dd0       0x30 d:/longxin/mips-2016.05/bin/../lib/gcc/mips-sde-elf/5.3.0/../../../../mips-sde-elf/lib/el/sof\libc.a(lib_a-strchr.o)
                0x0000000080200dd0                strchr
 .text          0x0000000080200e00      0x240 d:/longxin/mips-2016.05/bin/../lib/gcc/mips-sde-elf/5.3.0/../../../../mips-sde-elf/lib/el/sof\libc.a(lib_a-strcmp.o)
                0x0000000080200e00                strcmp
 .text          0x0000000080201040      0x1a0 d:/longxin/mips-2016.05/bin/../lib/gcc/mips-sde-elf/5.3.0/../../../../mips-sde-elf/lib/el/sof\libc.a(lib_a-strcpy.o)
                0x0000000080201040                strcpy
 .text          0x00000000802011e0      0x168 d:/longxin/mips-2016.05/bin/../lib/gcc/mips-sde-elf/5.3.0/../../../../mips-sde-elf/lib/el/sof\libc.a(lib_a-strlen.o)
                0x00000000802011e0                strlen
 .text          0x0000000080201348       0x44 d:/longxin/mips-2016.05/bin/../lib/gcc/mips-sde-elf/5.3.0/../../../../mips-sde-elf/lib/el/sof\libc.a(lib_a-strncmp.o)
                0x0000000080201348                strncmp
 .text          0x000000008020138c       0x3c d:/longxin/mips-2016.05/bin/../lib/gcc/mips-sde-elf/5.3.0/../../../../mips-sde-elf/lib/el/sof\libc.a(lib_a-strncpy.o)
                0x000000008020138c                strncpy
 .text          0x00000000802013c8       0x60 d:/longxin/mips-2016.05/bin/../lib/gcc/mips-sde-elf/5.3.0/../../../../mips-sde-elf/lib/el/sof\libc.a(lib_a-strrchr.o)
                0x00000000802013c8                strrchr
 .text          0x0000000080201428       0x58 d:/longxin/mips-2016.05/bin/../lib/gcc/mips-sde-elf/5.3.0/../../../../mips-sde-elf/lib/el/sof\libc.a(lib_a-strstr.o)
                0x0000000080201428                strstr
 .text          0x0000000080201480      0x1e0 d:/longxin/mips-2016.05/bin/../lib/gcc/mips-sde-elf/5.3.0/../../../../mips-sde-elf/lib/el/sof\libc.a(lib_a-strtol.o)
                0x0000000080201480                _strtol_r
                0x0000000080201648                strtol
 .text          0x0000000080201660      0x1b4 d:/longxin/mips-2016.05/bin/../lib/gcc/mips-sde-elf/5.3.0/../../../../mips-sde-elf/lib/el/sof\libc.a(lib_a-strtoul.o)
                0x0000000080201660                _strtoul_r
                0x00000000802017fc                strtoul
 .text          0x0000000080201814     0x1a64 d:/longxin/mips-2016.05/bin/../lib/gcc/mips-sde-elf/5.3.0/../../../../mips-sde-elf/lib/el/sof\libc.a(lib_a-vfprintf.o)
                0x0000000080201814                _vfprintf_r
                0x00000000802031a0                vfprintf
 .text          0x0000000080203278      0x144 d:/longxin/mips-2016.05/bin/../lib/gcc/mips-sde-elf/5.3.0/../../../../mips-sde-elf/lib/el/sof\libc.a(lib_a-wsetup.o)
                0x0000000080203278                __swsetup_r
 .text          0x00000000802033bc     0x1564 d:/longxin/mips-2016.05/bin/../lib/gcc/mips-sde-elf/5.3.0/../../../../mips-sde-elf/lib/el/sof\libc.a(lib_a-dtoa.o)
                0x00000000802035b0                _dtoa_r
 .text          0x0000000080204920      0x2c8 d:/longxin/mips-2016.05/bin/../lib/gcc/mips-sde-elf/5.3.0/../../../../mips-sde-elf/lib/el/sof\libc.a(lib_a-fflush.o)
                0x0000000080204920                __sflush_r
                0x0000000080204b54                _fflush_r
                0x0000000080204bac                fflush
 .text          0x0000000080204be8      0x31c d:/longxin/mips-2016.05/bin/../lib/gcc/mips-sde-elf/5.3.0/../../../../mips-sde-elf/lib/el/sof\libc.a(lib_a-findfp.o)
                0x0000000080204bf0                _cleanup_r
                0x0000000080204ca0                __sfmoreglue
                0x0000000080204d0c                _cleanup
                0x0000000080204d18                __sinit
                0x0000000080204d9c                __sfp
                0x0000000080204e94                __sfp_lock_acquire
                0x0000000080204e9c                __sfp_lock_release
                0x0000000080204ea4                __sinit_lock_acquire
                0x0000000080204eac                __sinit_lock_release
                0x0000000080204eb4                __fp_lock_all
                0x0000000080204edc                __fp_unlock_all
 .text          0x0000000080204f04      0x14c d:/longxin/mips-2016.05/bin/../lib/gcc/mips-sde-elf/5.3.0/../../../../mips-sde-elf/lib/el/sof\libc.a(lib_a-fwalk.o)
                0x0000000080204f04                _fwalk
                0x0000000080204fa4                _fwalk_reent
 .text          0x0000000080205050       0xd4 d:/longxin/mips-2016.05/bin/../lib/gcc/mips-sde-elf/5.3.0/../../../../mips-sde-elf/lib/el/sof\libc.a(lib_a-locale.o)
                0x0000000080205050                _setlocale_r
                0x00000000802050cc                __locale_charset
                0x00000000802050d8                __locale_mb_cur_max
                0x00000000802050e4                __locale_msgcharset
                0x00000000802050f0                __locale_cjk_lang
                0x00000000802050f8                _localeconv_r
                0x0000000080205104                setlocale
                0x0000000080205118                localeconv
 .text          0x0000000080205124      0x170 d:/longxin/mips-2016.05/bin/../lib/gcc/mips-sde-elf/5.3.0/../../../../mips-sde-elf/lib/el/sof\libc.a(lib_a-makebuf.o)
                0x0000000080205124                __smakebuf_r
 .text          0x0000000080205294       0x34 d:/longxin/mips-2016.05/bin/../lib/gcc/mips-sde-elf/5.3.0/../../../../mips-sde-elf/lib/el/sof\libc.a(lib_a-memchr.o)
                0x0000000080205294                memchr
 .text          0x00000000802052c8      0xee4 d:/longxin/mips-2016.05/bin/../lib/gcc/mips-sde-elf/5.3.0/../../../../mips-sde-elf/lib/el/sof\libc.a(lib_a-mprec.o)
                0x00000000802052c8                _Balloc
                0x0000000080205374                _Bfree
                0x00000000802053a0                __multadd
                0x00000000802054ac                __s2b
                0x00000000802055c8                __hi0bits
                0x0000000080205640                __lo0bits
                0x00000000802056fc                __i2b
                0x0000000080205730                __multiply
                0x0000000080205910                __pow5mult
                0x0000000080205a18                __lshift
                0x0000000080205b6c                __mcmp
                0x0000000080205bd4                __mdiff
                0x0000000080205d38                __ulp
                0x0000000080205d98                __b2d
                0x0000000080205e7c                __d2b
                0x0000000080205fac                __ratio
                0x000000008020603c                _mprec_log10
                0x00000000802060c8                __copybits
                0x0000000080206124                __any_on
 .text          0x00000000802061ac       0x64 d:/longxin/mips-2016.05/bin/../lib/gcc/mips-sde-elf/5.3.0/../../../../mips-sde-elf/lib/el/sof\libc.a(lib_a-s_fpclassify.o)
                0x00000000802061ac                __fpclassifyd
 .text          0x0000000080206210      0x13c d:/longxin/mips-2016.05/bin/../lib/gcc/mips-sde-elf/5.3.0/../../../../mips-sde-elf/lib/el/sof\libc.a(lib_a-stdio.o)
                0x0000000080206210                __sread
                0x0000000080206258                __seofread
                0x0000000080206260                __swrite
                0x00000000802062e0                __sseek
                0x000000008020632c                __sclose
 .text          0x000000008020634c      0xfb0 d:/longxin/mips-2016.05/bin/../lib/gcc/mips-sde-elf/5.3.0/../../../../mips-sde-elf/lib/el/sof\libc.a(lib_a-vfiprintf.o)
                0x000000008020634c                __sprint_r
                0x0000000080206440                _vfiprintf_r
                0x0000000080207224                vfiprintf
 .text          0x00000000802072fc      0x114 d:/longxin/mips-2016.05/bin/../lib/gcc/mips-sde-elf/5.3.0/../../../../mips-sde-elf/lib/el/sof\libc.a(lib_a-fclose.o)
                0x00000000802072fc                _fclose_r
                0x0000000080207400                fclose
 .text          0x0000000080207410      0x1ec d:/longxin/mips-2016.05/bin/../lib/gcc/mips-sde-elf/5.3.0/../../../../mips-sde-elf/lib/el/sof\libc.a(lib_a-fputwc.o)
                0x0000000080207410                __fputwc
                0x0000000080207574                _fputwc_r
                0x000000008020759c                fputwc
 .text          0x00000000802075fc      0x4cc d:/longxin/mips-2016.05/bin/../lib/gcc/mips-sde-elf/5.3.0/../../../../mips-sde-elf/lib/el/sof\libc.a(lib_a-fvwrite.o)
                0x00000000802075fc                __sfvwrite_r
 .text          0x0000000080207ac8       0x6c d:/longxin/mips-2016.05/bin/../lib/gcc/mips-sde-elf/5.3.0/../../../../mips-sde-elf/lib/el/sof\libc.a(lib_a-memmove.o)
                0x0000000080207ac8                memmove
 .text          0x0000000080207b34      0x164 d:/longxin/mips-2016.05/bin/../lib/gcc/mips-sde-elf/5.3.0/../../../../mips-sde-elf/lib/el/sof\libc.a(lib_a-wbuf.o)
                0x0000000080207b34                __swbuf_r
                0x0000000080207c84                __swbuf
 .text          0x0000000080207c98       0xb0 d:/longxin/mips-2016.05/bin/../lib/gcc/mips-sde-elf/5.3.0/../../../../mips-sde-elf/lib/el/sof\libc.a(lib_a-wcrtomb.o)
                0x0000000080207c98                _wcrtomb_r
                0x0000000080207d30                wcrtomb
 .text          0x0000000080207d48       0x88 d:/longxin/mips-2016.05/bin/../lib/gcc/mips-sde-elf/5.3.0/../../../../mips-sde-elf/lib/el/sof\libc.a(lib_a-wctomb_r.o)
                0x0000000080207d48                __ascii_wctomb
                0x0000000080207d78                _wctomb_r
 .text          0x0000000080207dd0      0x438 d:/longxin/mips-2016.05/bin/../lib/gcc/mips-sde-elf/5.3.0/el/sof\libgcc.a(_udivdi3.o)
                0x0000000080207dd0                __udivdi3
 .text          0x0000000080208208      0x44c d:/longxin/mips-2016.05/bin/../lib/gcc/mips-sde-elf/5.3.0/el/sof\libgcc.a(_umoddi3.o)
                0x0000000080208208                __umoddi3
 .text          0x0000000080208654      0x848 d:/longxin/mips-2016.05/bin/../lib/gcc/mips-sde-elf/5.3.0/el/sof\libgcc.a(adddf3.o)
                0x0000000080208654                __adddf3
 .text          0x0000000080208e9c      0x6bc d:/longxin/mips-2016.05/bin/../lib/gcc/mips-sde-elf/5.3.0/el/sof\libgcc.a(divdf3.o)
                0x0000000080208e9c                __divdf3
 .text          0x0000000080209558       0x80 d:/longxin/mips-2016.05/bin/../lib/gcc/mips-sde-elf/5.3.0/el/sof\libgcc.a(eqdf2.o)
                0x0000000080209558                __nedf2
                0x0000000080209558                __eqdf2
 .text          0x00000000802095d8      0x10c d:/longxin/mips-2016.05/bin/../lib/gcc/mips-sde-elf/5.3.0/el/sof\libgcc.a(gedf2.o)
                0x00000000802095d8                __gedf2
                0x00000000802095d8                __gtdf2
 .text          0x00000000802096e4      0x104 d:/longxin/mips-2016.05/bin/../lib/gcc/mips-sde-elf/5.3.0/el/sof\libgcc.a(ledf2.o)
                0x00000000802096e4                __ledf2
                0x00000000802096e4                __ltdf2
 .text          0x00000000802097e8      0x4b0 d:/longxin/mips-2016.05/bin/../lib/gcc/mips-sde-elf/5.3.0/el/sof\libgcc.a(muldf3.o)
                0x00000000802097e8                __muldf3
 .text          0x0000000080209c98      0x85c d:/longxin/mips-2016.05/bin/../lib/gcc/mips-sde-elf/5.3.0/el/sof\libgcc.a(subdf3.o)
                0x0000000080209c98                __subdf3
 .text          0x000000008020a4f4       0x78 d:/longxin/mips-2016.05/bin/../lib/gcc/mips-sde-elf/5.3.0/el/sof\libgcc.a(fixdfsi.o)
                0x000000008020a4f4                __fixdfsi
 .text          0x000000008020a56c       0x84 d:/longxin/mips-2016.05/bin/../lib/gcc/mips-sde-elf/5.3.0/el/sof\libgcc.a(floatsidf.o)
                0x000000008020a56c                __floatsidf
 .text          0x000000008020a5f0       0x6c d:/longxin/mips-2016.05/bin/../lib/gcc/mips-sde-elf/5.3.0/el/sof\libgcc.a(floatunsidf.o)
                0x000000008020a5f0                __floatunsidf
 *(.text.*)
 .text.test_at24
                0x000000008020a65c      0x2c0 build\applications\main.o
                0x000000008020a65c                test_at24
 .text.test_at2402
                0x000000008020a91c      0x2bc build\applications\main.o
                0x000000008020a91c                test_at2402
 .text.ds3231_getdata
                0x000000008020abd8      0x230 build\applications\main.o
                0x000000008020abd8                ds3231_getdata
 .text.ds3231_gettime
                0x000000008020ae08      0x22c build\applications\main.o
                0x000000008020ae08                ds3231_gettime
 .text.ds3231_setdata
                0x000000008020b034      0x318 build\applications\main.o
                0x000000008020b034                ds3231_setdata
 .text.ds3231_settime
                0x000000008020b34c      0x314 build\applications\main.o
                0x000000008020b34c                ds3231_settime
 .text.test_at24_msh
                0x000000008020b660       0x98 build\applications\main.o
                0x000000008020b660                test_at24_msh
 .text.test_at2402_msh
                0x000000008020b6f8       0x98 build\applications\main.o
                0x000000008020b6f8                test_at2402_msh
 .text.ds3231_getdata_msh
                0x000000008020b790       0x60 build\applications\main.o
                0x000000008020b790                ds3231_getdata_msh
 .text.ds3231_gettime_msh
                0x000000008020b7f0       0x60 build\applications\main.o
                0x000000008020b7f0                ds3231_gettime_msh
 .text.ds3231_setdata_msh
                0x000000008020b850       0x88 build\applications\main.o
                0x000000008020b850                ds3231_setdata_msh
 .text.ds3231_settime_msh
                0x000000008020b8d8       0x88 build\applications\main.o
                0x000000008020b8d8                ds3231_settime_msh
 .text.main     0x000000008020b960       0x10 build\applications\main.o
                0x000000008020b960                main
 .text.ls1c_uart_configure
                0x000000008020b970       0xc0 build\drivers\drv_uart.o
 .text.ls1c_uart_control
                0x000000008020ba30       0xb8 build\drivers\drv_uart.o
 .text.ls1c_uart_putc
                0x000000008020bae8       0x7c build\drivers\drv_uart.o
 .text.ls1c_uart_getc
                0x000000008020bb64       0xa8 build\drivers\drv_uart.o
 .text.uart_irq_handler
                0x000000008020bc0c       0xdc build\drivers\drv_uart.o
 .text.rt_hw_uart_init
                0x000000008020bce8      0x250 build\drivers\drv_uart.o
                0x000000008020bce8                rt_hw_uart_init
 .text.rt_i2c_master_xfer
                0x000000008020bf38      0x1c0 build\drivers\hw_i2c.o
                0x000000008020bf38                rt_i2c_master_xfer
 .text.rt_i2c_bus_control
                0x000000008020c0f8       0x90 build\drivers\hw_i2c.o
                0x000000008020c0f8                rt_i2c_bus_control
 .text.ls1c_hw_i2c_init
                0x000000008020c188      0x124 build\drivers\hw_i2c.o
                0x000000008020c188                ls1c_hw_i2c_init
 .text.rt_hw_board_init
                0x000000008020c2ac       0x88 build\drivers\board.o
                0x000000008020c2ac                rt_hw_board_init
 .text.bxmodifyfilter
                0x000000008020c334      0x180 build\drivers\drv_can.o
 .text.setfilter
                0x000000008020c4b4       0xa0 build\drivers\drv_can.o
 .text.bxcan_init
                0x000000008020c554      0x2cc build\drivers\drv_can.o
 .text.bxcan0_hw_init
                0x000000008020c820       0x5c build\drivers\drv_can.o
 .text.bxcan1_hw_init
                0x000000008020c87c       0x5c build\drivers\drv_can.o
 .text.configure
                0x000000008020c8d8       0xb8 build\drivers\drv_can.o
 .text.control  0x000000008020c990      0x3ac build\drivers\drv_can.o
 .text.sendmsg  0x000000008020cd3c      0x110 build\drivers\drv_can.o
 .text.recvmsg  0x000000008020ce4c      0x1b4 build\drivers\drv_can.o
 .text.ls1c_can0_irqhandler
                0x000000008020d000      0x128 build\drivers\drv_can.o
                0x000000008020d000                ls1c_can0_irqhandler
 .text.ls1c_can1_irqhandler
                0x000000008020d128      0x12c build\drivers\drv_can.o
                0x000000008020d128                ls1c_can1_irqhandler
 .text.ls1c_bxcan_init
                0x000000008020d254      0x1d4 build\drivers\drv_can.o
                0x000000008020d254                ls1c_bxcan_init
 .text.ls1c_pin_mode
                0x000000008020d428       0x64 build\drivers\drv_gpio.o
                0x000000008020d428                ls1c_pin_mode
 .text.ls1c_pin_write
                0x000000008020d48c       0x64 build\drivers\drv_gpio.o
                0x000000008020d48c                ls1c_pin_write
 .text.ls1c_pin_read
                0x000000008020d4f0       0x58 build\drivers\drv_gpio.o
                0x000000008020d4f0                ls1c_pin_read
 .text.ls1c_pin_attach_irq
                0x000000008020d548      0x100 build\drivers\drv_gpio.o
                0x000000008020d548                ls1c_pin_attach_irq
 .text.ls1c_pin_detach_irq
                0x000000008020d648       0x14 build\drivers\drv_gpio.o
                0x000000008020d648                ls1c_pin_detach_irq
 .text.ls1c_pin_irq_enable
                0x000000008020d65c       0x6c build\drivers\drv_gpio.o
                0x000000008020d65c                ls1c_pin_irq_enable
 .text.hw_pin_init
                0x000000008020d6c8       0x40 build\drivers\drv_gpio.o
                0x000000008020d6c8                hw_pin_init
 .text.configure
                0x000000008020d708      0x1e8 build\drivers\drv_spi.o
 .text.xfer     0x000000008020d8f0      0x204 build\drivers\drv_spi.o
 .text.ls1c_spi_bus_register
                0x000000008020daf4       0x94 build\drivers\drv_spi.o
                0x000000008020daf4                ls1c_spi_bus_register
 .text.ls1c_hw_spi_init
                0x000000008020db88      0x298 build\drivers\drv_spi.o
                0x000000008020db88                ls1c_hw_spi_init
 .text.board_sd_init
                0x000000008020de20       0x74 build\drivers\drv_spi.o
 .text.synopGMACReadReg
                0x000000008020de94       0x38 build\drivers\net\synopGMAC.o
 .text.synopGMACWriteReg
                0x000000008020decc       0x3c build\drivers\net\synopGMAC.o
 .text.mii_nway_result
                0x000000008020df08       0xa0 build\drivers\net\synopGMAC.o
 .text.mii_check_gmii_support
                0x000000008020dfa8       0xa4 build\drivers\net\synopGMAC.o
 .text.mii_ethtool_gset
                0x000000008020e04c      0x440 build\drivers\net\synopGMAC.o
 .text.mii_link_ok
                0x000000008020e48c       0x88 build\drivers\net\synopGMAC.o
 .text.synopGMAC_setup_tx_desc_queue
                0x000000008020e514      0x148 build\drivers\net\synopGMAC.o
                0x000000008020e514                synopGMAC_setup_tx_desc_queue
 .text.synopGMAC_setup_rx_desc_queue
                0x000000008020e65c      0x148 build\drivers\net\synopGMAC.o
                0x000000008020e65c                synopGMAC_setup_rx_desc_queue
 .text.synopGMAC_linux_cable_unplug_function
                0x000000008020e7a4      0x180 build\drivers\net\synopGMAC.o
                0x000000008020e7a4                synopGMAC_linux_cable_unplug_function
 .text.synopGMAC_check_phy_init
                0x000000008020e924      0x118 build\drivers\net\synopGMAC.o
                0x000000008020e924                synopGMAC_check_phy_init
 .text.eth_init
                0x000000008020ea3c      0x394 build\drivers\net\synopGMAC.o
 .text.eth_open
                0x000000008020edd0       0x38 build\drivers\net\synopGMAC.o
 .text.eth_close
                0x000000008020ee08       0x10 build\drivers\net\synopGMAC.o
 .text.eth_read
                0x000000008020ee18       0x38 build\drivers\net\synopGMAC.o
 .text.eth_write
                0x000000008020ee50       0x38 build\drivers\net\synopGMAC.o
 .text.eth_control
                0x000000008020ee88       0x78 build\drivers\net\synopGMAC.o
 .text.rt_eth_tx
                0x000000008020ef00      0x350 build\drivers\net\synopGMAC.o
                0x000000008020ef00                rt_eth_tx
 .text.rt_eth_rx
                0x000000008020f250      0x2ec build\drivers\net\synopGMAC.o
                0x000000008020f250                rt_eth_rx
 .text.rtl88e1111_config_init
                0x000000008020f53c      0x114 build\drivers\net\synopGMAC.o
 .text.init_phy
                0x000000008020f650      0x204 build\drivers\net\synopGMAC.o
                0x000000008020f650                init_phy
 .text.mdio_read
                0x000000008020f854       0x60 build\drivers\net\synopGMAC.o
 .text.mdio_write
                0x000000008020f8b4       0x68 build\drivers\net\synopGMAC.o
 .text.eth_rx_irq
                0x000000008020f91c      0x39c build\drivers\net\synopGMAC.o
                0x000000008020f91c                eth_rx_irq
 .text.rt_hw_eth_init
                0x000000008020fcb8      0x49c build\drivers\net\synopGMAC.o
                0x000000008020fcb8                rt_hw_eth_init
 .text.gmac_dmamap
                0x0000000080210154       0x20 build\drivers\net\synopGMAC_plat.o
                0x0000000080210154                gmac_dmamap
 .text.plat_alloc_memory
                0x0000000080210174       0x44 build\drivers\net\synopGMAC_plat.o
                0x0000000080210174                plat_alloc_memory
 .text.plat_alloc_consistent_dmaable_memory
                0x00000000802101b8       0xf4 build\drivers\net\synopGMAC_plat.o
                0x00000000802101b8                plat_alloc_consistent_dmaable_memory
 .text.plat_free_memory
                0x00000000802102ac       0x2c build\drivers\net\synopGMAC_plat.o
                0x00000000802102ac                plat_free_memory
 .text.plat_dma_map_single
                0x00000000802102d8       0x4c build\drivers\net\synopGMAC_plat.o
                0x00000000802102d8                plat_dma_map_single
 .text.plat_delay
                0x0000000080210324       0x28 build\drivers\net\synopGMAC_plat.o
                0x0000000080210324                plat_delay
 .text.synopGMACReadReg
                0x000000008021034c       0x38 build\drivers\net\synopGMAC_Dev.o
 .text.synopGMACWriteReg
                0x0000000080210384       0x3c build\drivers\net\synopGMAC_Dev.o
 .text.synopGMACSetBits
                0x00000000802103c0       0x60 build\drivers\net\synopGMAC_Dev.o
 .text.synopGMACClearBits
                0x0000000080210420       0x64 build\drivers\net\synopGMAC_Dev.o
 .text.synopGMAC_set_mdc_clk_div
                0x0000000080210484       0x7c build\drivers\net\synopGMAC_Dev.o
                0x0000000080210484                synopGMAC_set_mdc_clk_div
 .text.synopGMAC_get_mdc_clk_div
                0x0000000080210500       0x48 build\drivers\net\synopGMAC_Dev.o
                0x0000000080210500                synopGMAC_get_mdc_clk_div
 .text.synopGMAC_read_phy_reg
                0x0000000080210548      0x104 build\drivers\net\synopGMAC_Dev.o
                0x0000000080210548                synopGMAC_read_phy_reg
 .text.synopGMAC_write_phy_reg
                0x000000008021064c      0x104 build\drivers\net\synopGMAC_Dev.o
                0x000000008021064c                synopGMAC_write_phy_reg
 .text.synopGMAC_read_version
                0x0000000080210750       0x4c build\drivers\net\synopGMAC_Dev.o
                0x0000000080210750                synopGMAC_read_version
 .text.synopGMAC_reset
                0x000000008021079c       0x68 build\drivers\net\synopGMAC_Dev.o
                0x000000008021079c                synopGMAC_reset
 .text.synopGMAC_dma_bus_mode_init
                0x0000000080210804       0x40 build\drivers\net\synopGMAC_Dev.o
                0x0000000080210804                synopGMAC_dma_bus_mode_init
 .text.synopGMAC_dma_control_init
                0x0000000080210844       0x40 build\drivers\net\synopGMAC_Dev.o
                0x0000000080210844                synopGMAC_dma_control_init
 .text.synopGMAC_wd_enable
                0x0000000080210884       0x3c build\drivers\net\synopGMAC_Dev.o
                0x0000000080210884                synopGMAC_wd_enable
 .text.synopGMAC_jab_enable
                0x00000000802108c0       0x3c build\drivers\net\synopGMAC_Dev.o
                0x00000000802108c0                synopGMAC_jab_enable
 .text.synopGMAC_frame_burst_enable
                0x00000000802108fc       0x3c build\drivers\net\synopGMAC_Dev.o
                0x00000000802108fc                synopGMAC_frame_burst_enable
 .text.synopGMAC_jumbo_frame_disable
                0x0000000080210938       0x3c build\drivers\net\synopGMAC_Dev.o
                0x0000000080210938                synopGMAC_jumbo_frame_disable
 .text.synopGMAC_select_gmii
                0x0000000080210974       0x3c build\drivers\net\synopGMAC_Dev.o
                0x0000000080210974                synopGMAC_select_gmii
 .text.synopGMAC_select_mii
                0x00000000802109b0       0x3c build\drivers\net\synopGMAC_Dev.o
                0x00000000802109b0                synopGMAC_select_mii
 .text.synopGMAC_rx_own_enable
                0x00000000802109ec       0x3c build\drivers\net\synopGMAC_Dev.o
                0x00000000802109ec                synopGMAC_rx_own_enable
 .text.synopGMAC_loopback_off
                0x0000000080210a28       0x3c build\drivers\net\synopGMAC_Dev.o
                0x0000000080210a28                synopGMAC_loopback_off
 .text.synopGMAC_set_full_duplex
                0x0000000080210a64       0x3c build\drivers\net\synopGMAC_Dev.o
                0x0000000080210a64                synopGMAC_set_full_duplex
 .text.synopGMAC_set_half_duplex
                0x0000000080210aa0       0x3c build\drivers\net\synopGMAC_Dev.o
                0x0000000080210aa0                synopGMAC_set_half_duplex
 .text.synopGMAC_retry_enable
                0x0000000080210adc       0x3c build\drivers\net\synopGMAC_Dev.o
                0x0000000080210adc                synopGMAC_retry_enable
 .text.synopGMAC_pad_crc_strip_disable
                0x0000000080210b18       0x58 build\drivers\net\synopGMAC_Dev.o
                0x0000000080210b18                synopGMAC_pad_crc_strip_disable
 .text.synopGMAC_back_off_limit
                0x0000000080210b70       0x7c build\drivers\net\synopGMAC_Dev.o
                0x0000000080210b70                synopGMAC_back_off_limit
 .text.synopGMAC_deferral_check_disable
                0x0000000080210bec       0x3c build\drivers\net\synopGMAC_Dev.o
                0x0000000080210bec                synopGMAC_deferral_check_disable
 .text.synopGMAC_rx_enable
                0x0000000080210c28       0x3c build\drivers\net\synopGMAC_Dev.o
                0x0000000080210c28                synopGMAC_rx_enable
 .text.synopGMAC_tx_enable
                0x0000000080210c64       0x3c build\drivers\net\synopGMAC_Dev.o
                0x0000000080210c64                synopGMAC_tx_enable
 .text.synopGMAC_frame_filter_enable
                0x0000000080210ca0       0x3c build\drivers\net\synopGMAC_Dev.o
                0x0000000080210ca0                synopGMAC_frame_filter_enable
 .text.synopGMAC_src_addr_filter_disable
                0x0000000080210cdc       0x3c build\drivers\net\synopGMAC_Dev.o
                0x0000000080210cdc                synopGMAC_src_addr_filter_disable
 .text.synopGMAC_dst_addr_filter_inverse
                0x0000000080210d18       0x3c build\drivers\net\synopGMAC_Dev.o
                0x0000000080210d18                synopGMAC_dst_addr_filter_inverse
 .text.synopGMAC_dst_addr_filter_normal
                0x0000000080210d54       0x3c build\drivers\net\synopGMAC_Dev.o
                0x0000000080210d54                synopGMAC_dst_addr_filter_normal
 .text.synopGMAC_set_pass_control
                0x0000000080210d90       0x7c build\drivers\net\synopGMAC_Dev.o
                0x0000000080210d90                synopGMAC_set_pass_control
 .text.synopGMAC_broadcast_enable
                0x0000000080210e0c       0x3c build\drivers\net\synopGMAC_Dev.o
                0x0000000080210e0c                synopGMAC_broadcast_enable
 .text.synopGMAC_multicast_disable
                0x0000000080210e48       0x3c build\drivers\net\synopGMAC_Dev.o
                0x0000000080210e48                synopGMAC_multicast_disable
 .text.synopGMAC_multicast_hash_filter_disable
                0x0000000080210e84       0x3c build\drivers\net\synopGMAC_Dev.o
                0x0000000080210e84                synopGMAC_multicast_hash_filter_disable
 .text.synopGMAC_promisc_disable
                0x0000000080210ec0       0x3c build\drivers\net\synopGMAC_Dev.o
                0x0000000080210ec0                synopGMAC_promisc_disable
 .text.synopGMAC_unicast_hash_filter_disable
                0x0000000080210efc       0x3c build\drivers\net\synopGMAC_Dev.o
                0x0000000080210efc                synopGMAC_unicast_hash_filter_disable
 .text.synopGMAC_unicast_pause_frame_detect_disable
                0x0000000080210f38       0x3c build\drivers\net\synopGMAC_Dev.o
                0x0000000080210f38                synopGMAC_unicast_pause_frame_detect_disable
 .text.synopGMAC_rx_flow_control_enable
                0x0000000080210f74       0x3c build\drivers\net\synopGMAC_Dev.o
                0x0000000080210f74                synopGMAC_rx_flow_control_enable
 .text.synopGMAC_rx_flow_control_disable
                0x0000000080210fb0       0x3c build\drivers\net\synopGMAC_Dev.o
                0x0000000080210fb0                synopGMAC_rx_flow_control_disable
 .text.synopGMAC_tx_flow_control_enable
                0x0000000080210fec       0x3c build\drivers\net\synopGMAC_Dev.o
                0x0000000080210fec                synopGMAC_tx_flow_control_enable
 .text.synopGMAC_tx_flow_control_disable
                0x0000000080211028       0x3c build\drivers\net\synopGMAC_Dev.o
                0x0000000080211028                synopGMAC_tx_flow_control_disable
 .text.synopGMAC_pause_control
                0x0000000080211064       0xb8 build\drivers\net\synopGMAC_Dev.o
                0x0000000080211064                synopGMAC_pause_control
 .text.synopGMAC_mac_init
                0x000000008021111c      0x424 build\drivers\net\synopGMAC_Dev.o
                0x000000008021111c                synopGMAC_mac_init
 .text.synopGMAC_set_mac_addr
                0x0000000080211540       0xd0 build\drivers\net\synopGMAC_Dev.o
                0x0000000080211540                synopGMAC_set_mac_addr
 .text.synopGMAC_attach
                0x0000000080211610      0x188 build\drivers\net\synopGMAC_Dev.o
                0x0000000080211610                synopGMAC_attach
 .text.synopGMAC_rx_desc_init_ring
                0x0000000080211798       0x70 build\drivers\net\synopGMAC_Dev.o
                0x0000000080211798                synopGMAC_rx_desc_init_ring
 .text.synopGMAC_tx_desc_init_ring
                0x0000000080211808       0x70 build\drivers\net\synopGMAC_Dev.o
                0x0000000080211808                synopGMAC_tx_desc_init_ring
 .text.synopGMAC_rx_desc_init_chain
                0x0000000080211878       0x34 build\drivers\net\synopGMAC_Dev.o
                0x0000000080211878                synopGMAC_rx_desc_init_chain
 .text.synopGMAC_tx_desc_init_chain
                0x00000000802118ac       0x2c build\drivers\net\synopGMAC_Dev.o
                0x00000000802118ac                synopGMAC_tx_desc_init_chain
 .text.synopGMAC_init_tx_rx_desc_queue
                0x00000000802118d8      0x118 build\drivers\net\synopGMAC_Dev.o
                0x00000000802118d8                synopGMAC_init_tx_rx_desc_queue
 .text.synopGMAC_init_rx_desc_base
                0x00000000802119f0       0x44 build\drivers\net\synopGMAC_Dev.o
                0x00000000802119f0                synopGMAC_init_rx_desc_base
 .text.synopGMAC_init_tx_desc_base
                0x0000000080211a34       0x44 build\drivers\net\synopGMAC_Dev.o
                0x0000000080211a34                synopGMAC_init_tx_desc_base
 .text.synopGMAC_is_desc_owned_by_dma
                0x0000000080211a78       0x1c build\drivers\net\synopGMAC_Dev.o
                0x0000000080211a78                synopGMAC_is_desc_owned_by_dma
 .text.synopGMAC_get_rx_desc_frame_length
                0x0000000080211a94       0x1c build\drivers\net\synopGMAC_Dev.o
                0x0000000080211a94                synopGMAC_get_rx_desc_frame_length
 .text.synopGMAC_is_desc_valid
                0x0000000080211ab0       0x1c build\drivers\net\synopGMAC_Dev.o
                0x0000000080211ab0                synopGMAC_is_desc_valid
 .text.synopGMAC_is_desc_empty
                0x0000000080211acc       0x4c build\drivers\net\synopGMAC_Dev.o
                0x0000000080211acc                synopGMAC_is_desc_empty
 .text.synopGMAC_is_rx_desc_valid
                0x0000000080211b18       0x4c build\drivers\net\synopGMAC_Dev.o
                0x0000000080211b18                synopGMAC_is_rx_desc_valid
 .text.synopGMAC_is_tx_aborted
                0x0000000080211b64       0x34 build\drivers\net\synopGMAC_Dev.o
                0x0000000080211b64                synopGMAC_is_tx_aborted
 .text.synopGMAC_is_tx_carrier_error
                0x0000000080211b98       0x34 build\drivers\net\synopGMAC_Dev.o
                0x0000000080211b98                synopGMAC_is_tx_carrier_error
 .text.synopGMAC_get_tx_collision_count
                0x0000000080211bcc       0x18 build\drivers\net\synopGMAC_Dev.o
                0x0000000080211bcc                synopGMAC_get_tx_collision_count
 .text.synopGMAC_is_rx_frame_collision
                0x0000000080211be4       0x1c build\drivers\net\synopGMAC_Dev.o
                0x0000000080211be4                synopGMAC_is_rx_frame_collision
 .text.synopGMAC_is_rx_crc
                0x0000000080211c00       0x1c build\drivers\net\synopGMAC_Dev.o
                0x0000000080211c00                synopGMAC_is_rx_crc
 .text.synopGMAC_is_frame_dribbling_errors
                0x0000000080211c1c       0x1c build\drivers\net\synopGMAC_Dev.o
                0x0000000080211c1c                synopGMAC_is_frame_dribbling_errors
 .text.synopGMAC_is_rx_frame_length_errors
                0x0000000080211c38       0x1c build\drivers\net\synopGMAC_Dev.o
                0x0000000080211c38                synopGMAC_is_rx_frame_length_errors
 .text.synopGMAC_is_last_rx_desc
                0x0000000080211c54       0x54 build\drivers\net\synopGMAC_Dev.o
                0x0000000080211c54                synopGMAC_is_last_rx_desc
 .text.synopGMAC_is_last_tx_desc
                0x0000000080211ca8       0x54 build\drivers\net\synopGMAC_Dev.o
                0x0000000080211ca8                synopGMAC_is_last_tx_desc
 .text.synopGMAC_is_rx_desc_chained
                0x0000000080211cfc       0x24 build\drivers\net\synopGMAC_Dev.o
                0x0000000080211cfc                synopGMAC_is_rx_desc_chained
 .text.synopGMAC_is_tx_desc_chained
                0x0000000080211d20       0x24 build\drivers\net\synopGMAC_Dev.o
                0x0000000080211d20                synopGMAC_is_tx_desc_chained
 .text.synopGMAC_get_tx_qptr
                0x0000000080211d44      0x238 build\drivers\net\synopGMAC_Dev.o
                0x0000000080211d44                synopGMAC_get_tx_qptr
 .text.synopGMAC_set_tx_qptr
                0x0000000080211f7c      0x294 build\drivers\net\synopGMAC_Dev.o
                0x0000000080211f7c                synopGMAC_set_tx_qptr
 .text.synopGMAC_set_rx_qptr
                0x0000000080212210      0x1f8 build\drivers\net\synopGMAC_Dev.o
                0x0000000080212210                synopGMAC_set_rx_qptr
 .text.synopGMAC_get_rx_qptr
                0x0000000080212408      0x250 build\drivers\net\synopGMAC_Dev.o
                0x0000000080212408                synopGMAC_get_rx_qptr
 .text.synopGMAC_clear_interrupt
                0x0000000080212658       0x58 build\drivers\net\synopGMAC_Dev.o
                0x0000000080212658                synopGMAC_clear_interrupt
 .text.synopGMAC_get_interrupt_type
                0x00000000802126b0      0x12c build\drivers\net\synopGMAC_Dev.o
                0x00000000802126b0                synopGMAC_get_interrupt_type
 .text.synopGMAC_enable_interrupt
                0x00000000802127dc       0x40 build\drivers\net\synopGMAC_Dev.o
                0x00000000802127dc                synopGMAC_enable_interrupt
 .text.synopGMAC_disable_interrupt_all
                0x000000008021281c       0x3c build\drivers\net\synopGMAC_Dev.o
                0x000000008021281c                synopGMAC_disable_interrupt_all
 .text.synopGMAC_enable_dma_rx
                0x0000000080212858       0x64 build\drivers\net\synopGMAC_Dev.o
                0x0000000080212858                synopGMAC_enable_dma_rx
 .text.synopGMAC_enable_dma_tx
                0x00000000802128bc       0x64 build\drivers\net\synopGMAC_Dev.o
                0x00000000802128bc                synopGMAC_enable_dma_tx
 .text.synopGMAC_resume_dma_tx
                0x0000000080212920       0x3c build\drivers\net\synopGMAC_Dev.o
                0x0000000080212920                synopGMAC_resume_dma_tx
 .text.synopGMAC_resume_dma_rx
                0x000000008021295c       0x3c build\drivers\net\synopGMAC_Dev.o
                0x000000008021295c                synopGMAC_resume_dma_rx
 .text.synopGMAC_take_desc_ownership
                0x0000000080212998       0x38 build\drivers\net\synopGMAC_Dev.o
                0x0000000080212998                synopGMAC_take_desc_ownership
 .text.synopGMAC_take_desc_ownership_rx
                0x00000000802129d0       0xac build\drivers\net\synopGMAC_Dev.o
                0x00000000802129d0                synopGMAC_take_desc_ownership_rx
 .text.synopGMAC_take_desc_ownership_tx
                0x0000000080212a7c       0xac build\drivers\net\synopGMAC_Dev.o
                0x0000000080212a7c                synopGMAC_take_desc_ownership_tx
 .text.synopGMAC_disable_dma_tx
                0x0000000080212b28       0x68 build\drivers\net\synopGMAC_Dev.o
                0x0000000080212b28                synopGMAC_disable_dma_tx
 .text.synopGMAC_disable_dma_rx
                0x0000000080212b90       0x68 build\drivers\net\synopGMAC_Dev.o
                0x0000000080212b90                synopGMAC_disable_dma_rx
 .text.synopGMAC_disable_mmc_tx_interrupt
                0x0000000080212bf8       0x40 build\drivers\net\synopGMAC_Dev.o
                0x0000000080212bf8                synopGMAC_disable_mmc_tx_interrupt
 .text.synopGMAC_disable_mmc_rx_interrupt
                0x0000000080212c38       0x40 build\drivers\net\synopGMAC_Dev.o
                0x0000000080212c38                synopGMAC_disable_mmc_rx_interrupt
 .text.synopGMAC_disable_mmc_ipc_rx_interrupt
                0x0000000080212c78       0x40 build\drivers\net\synopGMAC_Dev.o
                0x0000000080212c78                synopGMAC_disable_mmc_ipc_rx_interrupt
 .text.synopGMAC_tx_checksum_offload_ipv4hdr
                0x0000000080212cb8       0x38 build\drivers\net\synopGMAC_Dev.o
                0x0000000080212cb8                synopGMAC_tx_checksum_offload_ipv4hdr
 .text.synopGMAC_tx_checksum_offload_tcponly
                0x0000000080212cf0       0x38 build\drivers\net\synopGMAC_Dev.o
                0x0000000080212cf0                synopGMAC_tx_checksum_offload_tcponly
 .text.reg_set_one_bit
                0x0000000080212d28       0x54 build\libraries\ls1c_public.o
                0x0000000080212d28                reg_set_one_bit
 .text.reg_clr_one_bit
                0x0000000080212d7c       0x58 build\libraries\ls1c_public.o
                0x0000000080212d7c                reg_clr_one_bit
 .text.reg_get_bit
                0x0000000080212dd4       0x3c build\libraries\ls1c_public.o
                0x0000000080212dd4                reg_get_bit
 .text.reg_write_8
                0x0000000080212e10       0x24 build\libraries\ls1c_public.o
                0x0000000080212e10                reg_write_8
 .text.reg_read_8
                0x0000000080212e34       0x18 build\libraries\ls1c_public.o
                0x0000000080212e34                reg_read_8
 .text.reg_read_32
                0x0000000080212e4c       0x14 build\libraries\ls1c_public.o
                0x0000000080212e4c                reg_read_32
 .text.ls1c_fls
                0x0000000080212e60      0x10c build\libraries\ls1c_public.o
                0x0000000080212e60                ls1c_fls
 .text.uart_get_base
                0x0000000080212f6c      0x150 build\libraries\ls1c_uart.o
                0x0000000080212f6c                uart_get_base
 .text.uart_init
                0x00000000802130bc      0x130 build\libraries\ls1c_uart.o
                0x00000000802130bc                uart_init
 .text.uart_is_transmit_empty
                0x00000000802131ec       0x64 build\libraries\ls1c_uart.o
                0x00000000802131ec                uart_is_transmit_empty
 .text.uart_putc
                0x0000000080213250       0x64 build\libraries\ls1c_uart.o
                0x0000000080213250                uart_putc
 .text.uart_irqn_to_uartx
                0x00000000802132b4      0x10c build\libraries\ls1c_uart.o
                0x00000000802132b4                uart_irqn_to_uartx
 .text.clk_get_pll_rate
                0x00000000802133c0       0x68 build\libraries\ls1c_clock.o
                0x00000000802133c0                clk_get_pll_rate
 .text.clk_get_cpu_rate
                0x0000000080213428       0xa8 build\libraries\ls1c_clock.o
                0x0000000080213428                clk_get_cpu_rate
 .text.clk_get_ddr_rate
                0x00000000802134d0       0xc8 build\libraries\ls1c_clock.o
                0x00000000802134d0                clk_get_ddr_rate
 .text.clk_get_apb_rate
                0x0000000080213598       0x20 build\libraries\ls1c_clock.o
                0x0000000080213598                clk_get_apb_rate
 .text.pin_set_purpose
                0x00000000802135b8       0x74 build\libraries\ls1c_pin.o
                0x00000000802135b8                pin_set_purpose
 .text.pin_set_remap
                0x000000008021362c      0x38c build\libraries\ls1c_pin.o
                0x000000008021362c                pin_set_remap
 .text.delay_us
                0x00000000802139b8      0x104 build\libraries\ls1c_delay.o
                0x00000000802139b8                delay_us
 .text.i2c_get_base
                0x0000000080213abc       0x8c build\libraries\ls1c_i2c.o
                0x0000000080213abc                i2c_get_base
 .text.i2c_cmd  0x0000000080213b48       0x5c build\libraries\ls1c_i2c.o
                0x0000000080213b48                i2c_cmd
 .text.i2c_cmd_start
                0x0000000080213ba4       0x30 build\libraries\ls1c_i2c.o
                0x0000000080213ba4                i2c_cmd_start
 .text.i2c_cmd_stop
                0x0000000080213bd4       0x30 build\libraries\ls1c_i2c.o
                0x0000000080213bd4                i2c_cmd_stop
 .text.i2c_cmd_read_ack
                0x0000000080213c04       0x30 build\libraries\ls1c_i2c.o
                0x0000000080213c04                i2c_cmd_read_ack
 .text.i2c_cmd_read_nack
                0x0000000080213c34       0x30 build\libraries\ls1c_i2c.o
                0x0000000080213c34                i2c_cmd_read_nack
 .text.i2c_cmd_iack
                0x0000000080213c64       0x30 build\libraries\ls1c_i2c.o
                0x0000000080213c64                i2c_cmd_iack
 .text.i2c_get_status
                0x0000000080213c94       0x48 build\libraries\ls1c_i2c.o
                0x0000000080213c94                i2c_get_status
 .text.i2c_poll_status
                0x0000000080213cdc       0x78 build\libraries\ls1c_i2c.o
                0x0000000080213cdc                i2c_poll_status
 .text.i2c_init
                0x0000000080213d54      0x158 build\libraries\ls1c_i2c.o
                0x0000000080213d54                i2c_init
 .text.i2c_receive_ack
                0x0000000080213eac       0x58 build\libraries\ls1c_i2c.o
                0x0000000080213eac                i2c_receive_ack
 .text.i2c_receive_data
                0x0000000080213f04       0xf4 build\libraries\ls1c_i2c.o
                0x0000000080213f04                i2c_receive_data
 .text.i2c_send_start_and_addr
                0x0000000080213ff8       0xf0 build\libraries\ls1c_i2c.o
                0x0000000080213ff8                i2c_send_start_and_addr
 .text.i2c_send_data
                0x00000000802140e8       0xf8 build\libraries\ls1c_i2c.o
                0x00000000802140e8                i2c_send_data
 .text.i2c_send_stop
                0x00000000802141e0       0x2c build\libraries\ls1c_i2c.o
                0x00000000802141e0                i2c_send_stop
 .text.set_reset_mode
                0x000000008021420c       0xb8 build\libraries\ls1c_can.o
                0x000000008021420c                set_reset_mode
 .text.set_normal_mode
                0x00000000802142c4       0xdc build\libraries\ls1c_can.o
 .text.set_start
                0x00000000802143a0       0x44 build\libraries\ls1c_can.o
                0x00000000802143a0                set_start
 .text.CAN_Init
                0x00000000802143e4      0x260 build\libraries\ls1c_can.o
                0x00000000802143e4                CAN_Init
 .text.CAN_FilterInit
                0x0000000080214644      0x428 build\libraries\ls1c_can.o
                0x0000000080214644                CAN_FilterInit
 .text.CAN_SetBps
                0x0000000080214a6c      0x230 build\libraries\ls1c_can.o
                0x0000000080214a6c                CAN_SetBps
 .text.CAN_SetMode
                0x0000000080214c9c      0x19c build\libraries\ls1c_can.o
                0x0000000080214c9c                CAN_SetMode
 .text.CAN_Transmit
                0x0000000080214e38      0x290 build\libraries\ls1c_can.o
                0x0000000080214e38                CAN_Transmit
 .text.CAN_Receive
                0x00000000802150c8      0x204 build\libraries\ls1c_can.o
                0x00000000802150c8                CAN_Receive
 .text.gpio_get_cfg_reg
                0x00000000802152cc       0xbc build\libraries\ls1c_gpio.o
                0x00000000802152cc                gpio_get_cfg_reg
 .text.gpio_get_en_reg
                0x0000000080215388       0xc4 build\libraries\ls1c_gpio.o
                0x0000000080215388                gpio_get_en_reg
 .text.gpio_init
                0x000000008021544c       0x88 build\libraries\ls1c_gpio.o
                0x000000008021544c                gpio_init
 .text.gpio_set
                0x00000000802154d4       0xfc build\libraries\ls1c_gpio.o
                0x00000000802154d4                gpio_set
 .text.gpio_get
                0x00000000802155d0       0xe0 build\libraries\ls1c_gpio.o
                0x00000000802155d0                gpio_get
 .text.gpio_set_irq_type
                0x00000000802156b0      0x244 build\libraries\ls1c_gpio.o
                0x00000000802156b0                gpio_set_irq_type
 .text.ls1c_spi_get_base
                0x00000000802158f4       0x68 build\libraries\ls1c_spi.o
                0x00000000802158f4                ls1c_spi_get_base
 .text.ls1c_spi_get_div
                0x000000008021595c      0x200 build\libraries\ls1c_spi.o
                0x000000008021595c                ls1c_spi_get_div
 .text.ls1c_spi_set_clock
                0x0000000080215b5c       0xf0 build\libraries\ls1c_spi.o
                0x0000000080215b5c                ls1c_spi_set_clock
 .text.ls1c_spi_set_mode
                0x0000000080215c4c       0xc0 build\libraries\ls1c_spi.o
                0x0000000080215c4c                ls1c_spi_set_mode
 .text.ls1c_spi_set_cs
                0x0000000080215d0c       0xfc build\libraries\ls1c_spi.o
                0x0000000080215d0c                ls1c_spi_set_cs
 .text.ls1c_spi_wait_txrx_done
                0x0000000080215e08       0x74 build\libraries\ls1c_spi.o
                0x0000000080215e08                ls1c_spi_wait_txrx_done
 .text.ls1c_spi_clear
                0x0000000080215e7c       0xc8 build\libraries\ls1c_spi.o
                0x0000000080215e7c                ls1c_spi_clear
 .text.ls1c_spi_txrx_byte
                0x0000000080215f44       0x78 build\libraries\ls1c_spi.o
                0x0000000080215f44                ls1c_spi_txrx_byte
 .text.rt_set_errno
                0x0000000080215fbc       0x78 build\kernel\src\kservice.o
                0x0000000080215fbc                rt_set_errno
 .text.rt_memset
                0x0000000080216034      0x16c build\kernel\src\kservice.o
                0x0000000080216034                rt_memset
 .text.rt_memcpy
                0x00000000802161a0      0x1a4 build\kernel\src\kservice.o
                0x00000000802161a0                rt_memcpy
 .text.rt_memmove
                0x0000000080216344      0x100 build\kernel\src\kservice.o
                0x0000000080216344                rt_memmove
 .text.rt_strncpy
                0x0000000080216444       0xb8 build\kernel\src\kservice.o
                0x0000000080216444                rt_strncpy
 .text.rt_strncmp
                0x00000000802164fc       0x94 build\kernel\src\kservice.o
                0x00000000802164fc                rt_strncmp
 .text.rt_strcmp
                0x0000000080216590       0x70 build\kernel\src\kservice.o
                0x0000000080216590                rt_strcmp
 .text.rt_strlen
                0x0000000080216600       0x4c build\kernel\src\kservice.o
                0x0000000080216600                rt_strlen
 .text.rt_strdup
                0x000000008021664c       0x70 build\kernel\src\kservice.o
                0x000000008021664c                rt_strdup
 .text.rt_show_version
                0x00000000802166bc       0x80 build\kernel\src\kservice.o
                0x00000000802166bc                rt_show_version
 .text.divide   0x000000008021673c       0xbc build\kernel\src\kservice.o
 .text.skip_atoi
                0x00000000802167f8       0x78 build\kernel\src\kservice.o
 .text.print_number
                0x0000000080216870      0x3a8 build\kernel\src\kservice.o
 .text.rt_vsnprintf
                0x0000000080216c18      0x898 build\kernel\src\kservice.o
                0x0000000080216c18                rt_vsnprintf
 .text.rt_snprintf
                0x00000000802174b0       0x54 build\kernel\src\kservice.o
                0x00000000802174b0                rt_snprintf
 .text.rt_vsprintf
                0x0000000080217504       0x3c build\kernel\src\kservice.o
                0x0000000080217504                rt_vsprintf
 .text.rt_sprintf
                0x0000000080217540       0x50 build\kernel\src\kservice.o
                0x0000000080217540                rt_sprintf
 .text.rt_console_get_device
                0x0000000080217590       0x10 build\kernel\src\kservice.o
                0x0000000080217590                rt_console_get_device
 .text.rt_console_set_device
                0x00000000802175a0       0xa4 build\kernel\src\kservice.o
                0x00000000802175a0                rt_console_set_device
 .text.rt_hw_console_output
                0x0000000080217644       0x10 build\kernel\src\kservice.o
                0x0000000080217644                rt_hw_console_output
 .text.rt_kprintf
                0x0000000080217654       0xbc build\kernel\src\kservice.o
                0x0000000080217654                rt_kprintf
 .text._heap_lock_init
                0x0000000080217710       0x38 build\kernel\src\kservice.o
 .text._heap_lock
                0x0000000080217748       0x48 build\kernel\src\kservice.o
 .text._heap_unlock
                0x0000000080217790       0x68 build\kernel\src\kservice.o
 .text._smem_info
                0x00000000802177f8       0x78 build\kernel\src\kservice.o
 .text.rt_system_heap_init
                0x0000000080217870       0xb0 build\kernel\src\kservice.o
                0x0000000080217870                rt_system_heap_init
 .text.rt_malloc
                0x0000000080217920       0x7c build\kernel\src\kservice.o
                0x0000000080217920                rt_malloc
 .text.rt_realloc
                0x000000008021799c       0x5c build\kernel\src\kservice.o
                0x000000008021799c                rt_realloc
 .text.rt_calloc
                0x00000000802179f8       0x6c build\kernel\src\kservice.o
                0x00000000802179f8                rt_calloc
 .text.rt_free  0x0000000080217a64       0x68 build\kernel\src\kservice.o
                0x0000000080217a64                rt_free
 .text.rt_memory_info
                0x0000000080217acc       0x54 build\kernel\src\kservice.o
                0x0000000080217acc                rt_memory_info
 .text.__rt_ffs
                0x0000000080217b20       0xec build\kernel\src\kservice.o
                0x0000000080217b20                __rt_ffs
 .text.rt_assert_handler
                0x0000000080217c0c       0x90 build\kernel\src\kservice.o
                0x0000000080217c0c                rt_assert_handler
 .text.rt_list_init
                0x0000000080217c9c       0x2c build\kernel\src\thread.o
 .text.rt_list_remove
                0x0000000080217cc8       0x54 build\kernel\src\thread.o
 .text._thread_exit
                0x0000000080217d1c       0x88 build\kernel\src\thread.o
 .text._thread_timeout
                0x0000000080217da4      0x110 build\kernel\src\thread.o
 .text._thread_init
                0x0000000080217eb4      0x1c0 build\kernel\src\thread.o
 .text.rt_thread_init
                0x0000000080218074       0xcc build\kernel\src\thread.o
                0x0000000080218074                rt_thread_init
 .text.rt_thread_self
                0x0000000080218140       0x10 build\kernel\src\thread.o
                0x0000000080218140                rt_thread_self
 .text.rt_thread_startup
                0x0000000080218150      0x100 build\kernel\src\thread.o
                0x0000000080218150                rt_thread_startup
 .text.rt_thread_detach
                0x0000000080218250      0x138 build\kernel\src\thread.o
                0x0000000080218250                rt_thread_detach
 .text.rt_thread_create
                0x0000000080218388       0xcc build\kernel\src\thread.o
                0x0000000080218388                rt_thread_create
 .text.rt_thread_delete
                0x0000000080218454      0x138 build\kernel\src\thread.o
                0x0000000080218454                rt_thread_delete
 .text.rt_thread_sleep
                0x000000008021858c      0x118 build\kernel\src\thread.o
                0x000000008021858c                rt_thread_sleep
 .text.rt_thread_delay
                0x00000000802186a4       0x28 build\kernel\src\thread.o
                0x00000000802186a4                rt_thread_delay
 .text.rt_thread_mdelay
                0x00000000802186cc       0x38 build\kernel\src\thread.o
                0x00000000802186cc                rt_thread_mdelay
 .text.rt_thread_control
                0x0000000080218704      0x1e0 build\kernel\src\thread.o
                0x0000000080218704                rt_thread_control
 .text.rt_thread_suspend
                0x00000000802188e4      0x180 build\kernel\src\thread.o
                0x00000000802188e4                rt_thread_suspend
 .text.rt_thread_resume
                0x0000000080218a64      0x11c build\kernel\src\thread.o
                0x0000000080218a64                rt_thread_resume
 .text.rt_thread_find
                0x0000000080218b80       0x2c build\kernel\src\thread.o
                0x0000000080218b80                rt_thread_find
 .text.rt_list_insert_after
                0x0000000080218bac       0x4c build\kernel\src\idle.o
 .text.rt_list_remove
                0x0000000080218bf8       0x54 build\kernel\src\idle.o
 .text.rt_thread_defunct_enqueue
                0x0000000080218c4c       0x3c build\kernel\src\idle.o
                0x0000000080218c4c                rt_thread_defunct_enqueue
 .text.rt_thread_defunct_dequeue
                0x0000000080218c88       0x84 build\kernel\src\idle.o
                0x0000000080218c88                rt_thread_defunct_dequeue
 .text.rt_defunct_execute
                0x0000000080218d0c       0xb8 build\kernel\src\idle.o
 .text.rt_thread_idle_entry
                0x0000000080218dc4       0x78 build\kernel\src\idle.o
 .text.rt_thread_idle_init
                0x0000000080218e3c       0xd8 build\kernel\src\idle.o
                0x0000000080218e3c                rt_thread_idle_init
 .text.rt_list_init
                0x0000000080218f14       0x2c build\kernel\src\timer.o
 .text.rt_list_insert_after
                0x0000000080218f40       0x4c build\kernel\src\timer.o
 .text.rt_list_remove
                0x0000000080218f8c       0x54 build\kernel\src\timer.o
 .text.rt_list_isempty
                0x0000000080218fe0       0x24 build\kernel\src\timer.o
 .text._timer_init
                0x0000000080219004       0xd0 build\kernel\src\timer.o
 .text._timer_list_next_timeout
                0x00000000802190d4       0x90 build\kernel\src\timer.o
 .text._timer_remove
                0x0000000080219164       0x68 build\kernel\src\timer.o
 .text.rt_timer_init
                0x00000000802191cc       0xf0 build\kernel\src\timer.o
                0x00000000802191cc                rt_timer_init
 .text.rt_timer_detach
                0x00000000802192bc      0x110 build\kernel\src\timer.o
                0x00000000802192bc                rt_timer_detach
 .text.rt_timer_start
                0x00000000802193cc      0x400 build\kernel\src\timer.o
                0x00000000802193cc                rt_timer_start
 .text.rt_timer_stop
                0x00000000802197cc      0x114 build\kernel\src\timer.o
                0x00000000802197cc                rt_timer_stop
 .text.rt_timer_control
                0x00000000802198e0      0x1d4 build\kernel\src\timer.o
                0x00000000802198e0                rt_timer_control
 .text.rt_timer_check
                0x0000000080219ab4      0x204 build\kernel\src\timer.o
                0x0000000080219ab4                rt_timer_check
 .text.rt_soft_timer_check
                0x0000000080219cb8      0x224 build\kernel\src\timer.o
                0x0000000080219cb8                rt_soft_timer_check
 .text._timer_thread_entry
                0x0000000080219edc       0xac build\kernel\src\timer.o
 .text.rt_system_timer_init
                0x0000000080219f88       0x60 build\kernel\src\timer.o
                0x0000000080219f88                rt_system_timer_init
 .text.rt_system_timer_thread_init
                0x0000000080219fe8       0xb8 build\kernel\src\timer.o
                0x0000000080219fe8                rt_system_timer_thread_init
 .text.rti_start
                0x000000008021a0a0        0xc build\kernel\src\components.o
 .text.rti_board_start
                0x000000008021a0ac        0xc build\kernel\src\components.o
 .text.rti_board_end
                0x000000008021a0b8        0xc build\kernel\src\components.o
 .text.rti_end  0x000000008021a0c4        0xc build\kernel\src\components.o
 .text.rt_components_board_init
                0x000000008021a0d0       0x64 build\kernel\src\components.o
                0x000000008021a0d0                rt_components_board_init
 .text.rt_components_init
                0x000000008021a134       0x64 build\kernel\src\components.o
                0x000000008021a134                rt_components_init
 .text.main_thread_entry
                0x000000008021a198       0x30 build\kernel\src\components.o
                0x000000008021a198                main_thread_entry
 .text.rt_application_init
                0x000000008021a1c8       0x84 build\kernel\src\components.o
                0x000000008021a1c8                rt_application_init
 .text.rtthread_startup
                0x000000008021a24c       0x64 build\kernel\src\components.o
                0x000000008021a24c                rtthread_startup
 .text.rt_list_init
                0x000000008021a2b0       0x2c build\kernel\src\ipc.o
 .text.rt_list_insert_before
                0x000000008021a2dc       0x4c build\kernel\src\ipc.o
 .text.rt_list_isempty
                0x000000008021a328       0x24 build\kernel\src\ipc.o
 .text._ipc_object_init
                0x000000008021a34c       0x34 build\kernel\src\ipc.o
 .text._ipc_list_suspend
                0x000000008021a380      0x150 build\kernel\src\ipc.o
 .text._ipc_list_resume
                0x000000008021a4d0       0x3c build\kernel\src\ipc.o
 .text._ipc_list_resume_all
                0x000000008021a50c       0x88 build\kernel\src\ipc.o
 .text.rt_sem_init
                0x000000008021a594      0x104 build\kernel\src\ipc.o
                0x000000008021a594                rt_sem_init
 .text.rt_sem_detach
                0x000000008021a698       0xdc build\kernel\src\ipc.o
                0x000000008021a698                rt_sem_detach
 .text.rt_sem_create
                0x000000008021a774      0x148 build\kernel\src\ipc.o
                0x000000008021a774                rt_sem_create
 .text.rt_sem_delete
                0x000000008021a8bc      0x138 build\kernel\src\ipc.o
                0x000000008021a8bc                rt_sem_delete
 .text.rt_sem_take
                0x000000008021a9f4      0x30c build\kernel\src\ipc.o
                0x000000008021a9f4                rt_sem_take
 .text.rt_sem_release
                0x000000008021ad00      0x174 build\kernel\src\ipc.o
                0x000000008021ad00                rt_sem_release
 .text.rt_mutex_init
                0x000000008021ae74       0xb0 build\kernel\src\ipc.o
                0x000000008021ae74                rt_mutex_init
 .text.rt_mutex_create
                0x000000008021af24       0xf4 build\kernel\src\ipc.o
                0x000000008021af24                rt_mutex_create
 .text.rt_mutex_delete
                0x000000008021b018      0x138 build\kernel\src\ipc.o
                0x000000008021b018                rt_mutex_delete
 .text.rt_mutex_take
                0x000000008021b150      0x428 build\kernel\src\ipc.o
                0x000000008021b150                rt_mutex_take
 .text.rt_mutex_release
                0x000000008021b578      0x35c build\kernel\src\ipc.o
                0x000000008021b578                rt_mutex_release
 .text.rt_mb_init
                0x000000008021b8d4      0x110 build\kernel\src\ipc.o
                0x000000008021b8d4                rt_mb_init
 .text.rt_mb_create
                0x000000008021b9e4      0x194 build\kernel\src\ipc.o
                0x000000008021b9e4                rt_mb_create
 .text.rt_mb_delete
                0x000000008021bb78      0x160 build\kernel\src\ipc.o
                0x000000008021bb78                rt_mb_delete
 .text.rt_mb_send_wait
                0x000000008021bcd8      0x48c build\kernel\src\ipc.o
                0x000000008021bcd8                rt_mb_send_wait
 .text.rt_mb_send
                0x000000008021c164       0x34 build\kernel\src\ipc.o
                0x000000008021c164                rt_mb_send
 .text.rt_mb_recv
                0x000000008021c198      0x4b4 build\kernel\src\ipc.o
                0x000000008021c198                rt_mb_recv
 .text.rt_tick_get
                0x000000008021c64c       0x10 build\kernel\src\clock.o
                0x000000008021c64c                rt_tick_get
 .text.rt_tick_increase
                0x000000008021c65c       0xe4 build\kernel\src\clock.o
                0x000000008021c65c                rt_tick_increase
 .text.rt_tick_from_millisecond
                0x000000008021c740      0x100 build\kernel\src\clock.o
                0x000000008021c740                rt_tick_from_millisecond
 .text.rt_tick_get_millisecond
                0x000000008021c840       0x20 build\kernel\src\clock.o
                0x000000008021c840                rt_tick_get_millisecond
 .text.rt_interrupt_enter
                0x000000008021c860       0x70 build\kernel\src\irq.o
                0x000000008021c860                rt_interrupt_enter
 .text.rt_interrupt_leave
                0x000000008021c8d0       0x70 build\kernel\src\irq.o
                0x000000008021c8d0                rt_interrupt_leave
 .text.rt_interrupt_get_nest
                0x000000008021c940       0x40 build\kernel\src\irq.o
                0x000000008021c940                rt_interrupt_get_nest
 .text.rt_list_init
                0x000000008021c980       0x2c build\kernel\src\scheduler.o
 .text.rt_list_insert_before
                0x000000008021c9ac       0x4c build\kernel\src\scheduler.o
 .text.rt_list_remove
                0x000000008021c9f8       0x54 build\kernel\src\scheduler.o
 .text.rt_list_isempty
                0x000000008021ca4c       0x24 build\kernel\src\scheduler.o
 .text._rt_scheduler_stack_check
                0x000000008021ca70      0x12c build\kernel\src\scheduler.o
 .text._scheduler_get_highest_priority_thread
                0x000000008021cb9c       0x6c build\kernel\src\scheduler.o
 .text.rt_system_scheduler_init
                0x000000008021cc08       0x6c build\kernel\src\scheduler.o
                0x000000008021cc08                rt_system_scheduler_init
 .text.rt_system_scheduler_start
                0x000000008021cc74       0x64 build\kernel\src\scheduler.o
                0x000000008021cc74                rt_system_scheduler_start
 .text.rt_schedule
                0x000000008021ccd8      0x2f0 build\kernel\src\scheduler.o
                0x000000008021ccd8                rt_schedule
 .text.rt_schedule_insert_thread
                0x000000008021cfc8      0x140 build\kernel\src\scheduler.o
                0x000000008021cfc8                rt_schedule_insert_thread
 .text.rt_schedule_remove_thread
                0x000000008021d108       0xc8 build\kernel\src\scheduler.o
                0x000000008021d108                rt_schedule_remove_thread
 .text.rt_enter_critical
                0x000000008021d1d0       0x58 build\kernel\src\scheduler.o
                0x000000008021d1d0                rt_enter_critical
 .text.rt_exit_critical
                0x000000008021d228       0x9c build\kernel\src\scheduler.o
                0x000000008021d228                rt_exit_critical
 .text.rt_critical_level
                0x000000008021d2c4       0x14 build\kernel\src\scheduler.o
                0x000000008021d2c4                rt_critical_level
 .text.rt_device_register
                0x000000008021d2d8       0x98 build\kernel\src\device.o
                0x000000008021d2d8                rt_device_register
 .text.rt_device_find
                0x000000008021d370       0x2c build\kernel\src\device.o
                0x000000008021d370                rt_device_find
 .text.rt_device_init
                0x000000008021d39c       0xac build\kernel\src\device.o
                0x000000008021d39c                rt_device_init
 .text.rt_device_open
                0x000000008021d448      0x1f4 build\kernel\src\device.o
                0x000000008021d448                rt_device_open
 .text.rt_device_close
                0x000000008021d63c      0x124 build\kernel\src\device.o
                0x000000008021d63c                rt_device_close
 .text.rt_device_read
                0x000000008021d760       0xfc build\kernel\src\device.o
                0x000000008021d760                rt_device_read
 .text.rt_device_write
                0x000000008021d85c       0xfc build\kernel\src\device.o
                0x000000008021d85c                rt_device_write
 .text.rt_device_control
                0x000000008021d958       0xc0 build\kernel\src\device.o
                0x000000008021d958                rt_device_control
 .text.rt_device_set_rx_indicate
                0x000000008021da18       0x94 build\kernel\src\device.o
                0x000000008021da18                rt_device_set_rx_indicate
 .text.rt_list_insert_after
                0x000000008021daac       0x4c build\kernel\src\object.o
 .text.rt_list_remove
                0x000000008021daf8       0x54 build\kernel\src\object.o
 .text.rt_object_get_information
                0x000000008021db4c       0x80 build\kernel\src\object.o
                0x000000008021db4c                rt_object_get_information
 .text.rt_object_init
                0x000000008021dbcc      0x184 build\kernel\src\object.o
                0x000000008021dbcc                rt_object_init
 .text.rt_object_detach
                0x000000008021dd50       0xa8 build\kernel\src\object.o
                0x000000008021dd50                rt_object_detach
 .text.rt_object_allocate
                0x000000008021ddf8      0x198 build\kernel\src\object.o
                0x000000008021ddf8                rt_object_allocate
 .text.rt_object_delete
                0x000000008021df90       0xe8 build\kernel\src\object.o
                0x000000008021df90                rt_object_delete
 .text.rt_object_is_systemobject
                0x000000008021e078       0x6c build\kernel\src\object.o
                0x000000008021e078                rt_object_is_systemobject
 .text.rt_object_get_type
                0x000000008021e0e4       0x54 build\kernel\src\object.o
                0x000000008021e0e4                rt_object_get_type
 .text.rt_object_find
                0x000000008021e138      0x14c build\kernel\src\object.o
                0x000000008021e138                rt_object_find
 .text.plug_holes
                0x000000008021e284      0x1d8 build\kernel\src\mem.o
 .text.rt_smem_init
                0x000000008021e45c      0x1fc build\kernel\src\mem.o
                0x000000008021e45c                rt_smem_init
 .text.rt_smem_alloc
                0x000000008021e658      0x4b8 build\kernel\src\mem.o
                0x000000008021e658                rt_smem_alloc
 .text.rt_smem_realloc
                0x000000008021eb10      0x3a0 build\kernel\src\mem.o
                0x000000008021eb10                rt_smem_realloc
 .text.rt_smem_free
                0x000000008021eeb0      0x25c build\kernel\src\mem.o
                0x000000008021eeb0                rt_smem_free
 .text.rt_hw_stack_init
                0x000000008021f10c      0x158 build\kernel\libcpu\mips\common\stack.o
                0x000000008021f10c                rt_hw_stack_init
 .text.set_c0_status
                0x000000008021f264       0x40 build\kernel\libcpu\mips\common\exception.o
 .text.clear_c0_status
                0x000000008021f2a4       0x44 build\kernel\libcpu\mips\common\exception.o
 .text.rt_hw_interrupt_disable
                0x000000008021f2e8       0x38 build\kernel\libcpu\mips\common\exception.o
                0x000000008021f2e8                rt_hw_interrupt_disable
 .text.rt_hw_interrupt_enable
                0x000000008021f320       0x18 build\kernel\libcpu\mips\common\exception.o
                0x000000008021f320                rt_hw_interrupt_enable
 .text.mips_dump_regs
                0x000000008021f338       0xc4 build\kernel\libcpu\mips\common\exception.o
                0x000000008021f338                mips_dump_regs
 .text.cache_error_handler
                0x000000008021f3fc       0x44 build\kernel\libcpu\mips\common\exception.o
                0x000000008021f3fc                cache_error_handler
 .text.unhandled_exception_handle
                0x000000008021f440      0x108 build\kernel\libcpu\mips\common\exception.o
 .text.install_default_exception_handler
                0x000000008021f548       0x5c build\kernel\libcpu\mips\common\exception.o
 .text.rt_hw_exception_init
                0x000000008021f5a4       0x60 build\kernel\libcpu\mips\common\exception.o
                0x000000008021f5a4                rt_hw_exception_init
 .text.rt_general_exc_dispatch
                0x000000008021f604      0x19c build\kernel\libcpu\mips\common\exception.o
                0x000000008021f604                rt_general_exc_dispatch
 .text.mips_unmask_cpu_irq
                0x000000008021f7a0       0x3c build\kernel\libcpu\mips\common\exception.o
                0x000000008021f7a0                mips_unmask_cpu_irq
 .text.rt_hw_timer_handler
                0x000000008021f7dc       0x40 build\kernel\libcpu\mips\gs232\timer.o
                0x000000008021f7dc                rt_hw_timer_handler
 .text.rt_hw_timer_init
                0x000000008021f81c       0x38 build\kernel\libcpu\mips\gs232\timer.o
                0x000000008021f81c                rt_hw_timer_init
 .text.rt_hw_interrupt_handler
                0x000000008021f854       0x38 build\kernel\libcpu\mips\gs232\interrupt.o
 .text.rt_hw_interrupt_init
                0x000000008021f88c      0x154 build\kernel\libcpu\mips\gs232\interrupt.o
                0x000000008021f88c                rt_hw_interrupt_init
 .text.rt_hw_interrupt_mask
                0x000000008021f9e0       0x70 build\kernel\libcpu\mips\gs232\interrupt.o
                0x000000008021f9e0                rt_hw_interrupt_mask
 .text.rt_hw_interrupt_umask
                0x000000008021fa50       0x6c build\kernel\libcpu\mips\gs232\interrupt.o
                0x000000008021fa50                rt_hw_interrupt_umask
 .text.rt_hw_interrupt_install
                0x000000008021fabc      0x108 build\kernel\libcpu\mips\gs232\interrupt.o
                0x000000008021fabc                rt_hw_interrupt_install
 .text.gs232_do_IRQ
                0x000000008021fbc4       0xd4 build\kernel\libcpu\mips\gs232\interrupt.o
                0x000000008021fbc4                gs232_do_IRQ
 .text.rt_do_mips_cpu_irq
                0x000000008021fc98      0x12c build\kernel\libcpu\mips\gs232\interrupt.o
                0x000000008021fc98                rt_do_mips_cpu_irq
 .text.rt_hw_cpu_shutdown
                0x000000008021fdc4       0x20 build\kernel\libcpu\mips\gs232\cpuport.o
                0x000000008021fdc4                rt_hw_cpu_shutdown
 .text.flush_cache
                0x000000008021fde4       0x94 build\kernel\libcpu\mips\gs232\cpuport.o
                0x000000008021fde4                flush_cache
 .text.open     0x000000008021fe78       0xcc build\kernel\components\dfs\src\dfs_posix.o
                0x000000008021fe78                open
 .text.close    0x000000008021ff44       0xa0 build\kernel\components\dfs\src\dfs_posix.o
                0x000000008021ff44                close
 .text.read     0x000000008021ffe4       0xb0 build\kernel\components\dfs\src\dfs_posix.o
                0x000000008021ffe4                read
 .text.write    0x0000000080220094       0xb0 build\kernel\components\dfs\src\dfs_posix.o
                0x0000000080220094                write
 .text.lseek    0x0000000080220144      0x168 build\kernel\components\dfs\src\dfs_posix.o
                0x0000000080220144                lseek
 .text.rename   0x00000000802202ac       0x5c build\kernel\components\dfs\src\dfs_posix.o
                0x00000000802202ac                rename
 .text.unlink   0x0000000080220308       0x54 build\kernel\components\dfs\src\dfs_posix.o
                0x0000000080220308                unlink
 .text.stat     0x000000008022035c       0x5c build\kernel\components\dfs\src\dfs_posix.o
                0x000000008022035c                stat
 .text.mkdir    0x00000000802203b8       0xe4 build\kernel\components\dfs\src\dfs_posix.o
                0x00000000802203b8                mkdir
 .text.opendir  0x000000008022049c      0x124 build\kernel\components\dfs\src\dfs_posix.o
                0x000000008022049c                opendir
 .text.readdir  0x00000000802205c0      0x14c build\kernel\components\dfs\src\dfs_posix.o
                0x00000000802205c0                readdir
 .text.rewinddir
                0x000000008022070c       0x90 build\kernel\components\dfs\src\dfs_posix.o
                0x000000008022070c                rewinddir
 .text.closedir
                0x000000008022079c       0xb4 build\kernel\components\dfs\src\dfs_posix.o
                0x000000008022079c                closedir
 .text.chdir    0x0000000080220850      0x144 build\kernel\components\dfs\src\dfs_posix.o
                0x0000000080220850                chdir
 .text.getcwd   0x0000000080220994       0x4c build\kernel\components\dfs\src\dfs_posix.o
                0x0000000080220994                getcwd
 .text.dfs_register
                0x00000000802209e0      0x160 build\kernel\components\dfs\src\dfs_fs.o
                0x00000000802209e0                dfs_register
 .text.dfs_filesystem_lookup
                0x0000000080220b40      0x188 build\kernel\components\dfs\src\dfs_fs.o
                0x0000000080220b40                dfs_filesystem_lookup
 .text.dfs_mount
                0x0000000080220cc8      0x448 build\kernel\components\dfs\src\dfs_fs.o
                0x0000000080220cc8                dfs_mount
 .text.dfs_unmount
                0x0000000080221110      0x1ac build\kernel\components\dfs\src\dfs_fs.o
                0x0000000080221110                dfs_unmount
 .text.dfs_mkfs
                0x00000000802212bc      0x20c build\kernel\components\dfs\src\dfs_fs.o
                0x00000000802212bc                dfs_mkfs
 .text.dfs_statfs
                0x00000000802214c8       0x78 build\kernel\components\dfs\src\dfs_fs.o
                0x00000000802214c8                dfs_statfs
 .text.df       0x0000000080221540      0x39c build\kernel\components\dfs\src\dfs_fs.o
                0x0000000080221540                df
 .text.dfs_init
                0x00000000802218dc      0x108 build\kernel\components\dfs\src\dfs.o
                0x00000000802218dc                dfs_init
 .text.dfs_lock
                0x00000000802219e4       0x7c build\kernel\components\dfs\src\dfs.o
                0x00000000802219e4                dfs_lock
 .text.dfs_unlock
                0x0000000080221a60       0x2c build\kernel\components\dfs\src\dfs.o
                0x0000000080221a60                dfs_unlock
 .text.fd_alloc
                0x0000000080221a8c      0x23c build\kernel\components\dfs\src\dfs.o
 .text.fd_new   0x0000000080221cc8       0xd8 build\kernel\components\dfs\src\dfs.o
                0x0000000080221cc8                fd_new
 .text.fd_get   0x0000000080221da0       0xe0 build\kernel\components\dfs\src\dfs.o
                0x0000000080221da0                fd_get
 .text.fd_put   0x0000000080221e80      0x10c build\kernel\components\dfs\src\dfs.o
                0x0000000080221e80                fd_put
 .text.fd_is_open
                0x0000000080221f8c      0x1d0 build\kernel\components\dfs\src\dfs.o
                0x0000000080221f8c                fd_is_open
 .text.dfs_subdir
                0x000000008022215c       0xa8 build\kernel\components\dfs\src\dfs.o
                0x000000008022215c                dfs_subdir
 .text.dfs_normalize_path
                0x0000000080222204      0x460 build\kernel\components\dfs\src\dfs.o
                0x0000000080222204                dfs_normalize_path
 .text.dfs_fdtable_get
                0x0000000080222664       0x20 build\kernel\components\dfs\src\dfs.o
                0x0000000080222664                dfs_fdtable_get
 .text.list_fd  0x0000000080222684      0x2f4 build\kernel\components\dfs\src\dfs.o
                0x0000000080222684                list_fd
 .text.dfs_file_open
                0x0000000080222978      0x278 build\kernel\components\dfs\src\dfs_file.o
                0x0000000080222978                dfs_file_open
 .text.dfs_file_close
                0x0000000080222bf0       0xa0 build\kernel\components\dfs\src\dfs_file.o
                0x0000000080222bf0                dfs_file_close
 .text.dfs_file_read
                0x0000000080222c90       0xac build\kernel\components\dfs\src\dfs_file.o
                0x0000000080222c90                dfs_file_read
 .text.dfs_file_getdents
                0x0000000080222d3c       0x90 build\kernel\components\dfs\src\dfs_file.o
                0x0000000080222d3c                dfs_file_getdents
 .text.dfs_file_unlink
                0x0000000080222dcc      0x198 build\kernel\components\dfs\src\dfs_file.o
                0x0000000080222dcc                dfs_file_unlink
 .text.dfs_file_write
                0x0000000080222f64       0x7c build\kernel\components\dfs\src\dfs_file.o
                0x0000000080222f64                dfs_file_write
 .text.dfs_file_lseek
                0x0000000080222fe0       0x94 build\kernel\components\dfs\src\dfs_file.o
                0x0000000080222fe0                dfs_file_lseek
 .text.dfs_file_stat
                0x0000000080223074      0x240 build\kernel\components\dfs\src\dfs_file.o
                0x0000000080223074                dfs_file_stat
 .text.dfs_file_rename
                0x00000000802232b4      0x1b8 build\kernel\components\dfs\src\dfs_file.o
                0x00000000802232b4                dfs_file_rename
 .text.ls       0x000000008022346c      0x214 build\kernel\components\dfs\src\dfs_file.o
                0x000000008022346c                ls
 .text.cat      0x0000000080223680       0xe0 build\kernel\components\dfs\src\dfs_file.o
                0x0000000080223680                cat
 .text.copyfile
                0x0000000080223760      0x1a0 build\kernel\components\dfs\src\dfs_file.o
 .text.copydir  0x0000000080223900      0x260 build\kernel\components\dfs\src\dfs_file.o
 .text._get_path_lastname
                0x0000000080223b60       0x58 build\kernel\components\dfs\src\dfs_file.o
 .text.copy     0x0000000080223bb8      0x288 build\kernel\components\dfs\src\dfs_file.o
                0x0000000080223bb8                copy
 .text.dfs_device_fs_mount
                0x0000000080223e40       0x18 build\kernel\components\dfs\filesystems\devfs\devfs.o
                0x0000000080223e40                dfs_device_fs_mount
 .text.dfs_device_fs_ioctl
                0x0000000080223e58       0xb4 build\kernel\components\dfs\filesystems\devfs\devfs.o
                0x0000000080223e58                dfs_device_fs_ioctl
 .text.dfs_device_fs_read
                0x0000000080223f0c       0xc0 build\kernel\components\dfs\filesystems\devfs\devfs.o
                0x0000000080223f0c                dfs_device_fs_read
 .text.dfs_device_fs_write
                0x0000000080223fcc       0xc0 build\kernel\components\dfs\filesystems\devfs\devfs.o
                0x0000000080223fcc                dfs_device_fs_write
 .text.dfs_device_fs_close
                0x000000008022408c      0x10c build\kernel\components\dfs\filesystems\devfs\devfs.o
                0x000000008022408c                dfs_device_fs_close
 .text.dfs_device_fs_open
                0x0000000080224198      0x298 build\kernel\components\dfs\filesystems\devfs\devfs.o
                0x0000000080224198                dfs_device_fs_open
 .text.dfs_device_fs_stat
                0x0000000080224430      0x1a4 build\kernel\components\dfs\filesystems\devfs\devfs.o
                0x0000000080224430                dfs_device_fs_stat
 .text.dfs_device_fs_getdents
                0x00000000802245d4      0x19c build\kernel\components\dfs\filesystems\devfs\devfs.o
                0x00000000802245d4                dfs_device_fs_getdents
 .text.dfs_device_fs_poll